BL51 BANKED LINKER/LOCATER V6.22.2.0                                                    05/16/2020  17:58:24  PAGE 1


BL51 BANKED LINKER/LOCATER V6.22.2.0, INVOKED BY:
C:\KEIL_V5\C51\BIN\BL51.EXE .\Objects\main.obj, .\Objects\Common.obj, .\Objects\STARTUP.obj, .\Objects\def8051SoftI2c.ob
>> j, .\Objects\def8051DS1307.obj, .\Objects\def8051ADCread.obj, .\Objects\defDELAY16MHZ.obj, .\Objects\defLCD0802.obj T
>> O .\Objects\PrgSysRelayControl PRINT (.\Listings\PrgSysRelayControl.m51) RAMSIZE (256) DISABLEWARNING (16) XDATA (0X0
>> 000-0X02FF)


MEMORY MODEL: SMALL WITH FLOATING POINT ARITHMETIC


INPUT MODULES INCLUDED:
  .\Objects\main.obj (MAIN)
  .\Objects\Common.obj (COMMON)
  .\Objects\STARTUP.obj (?C_STARTUP)
  .\Objects\def8051SoftI2c.obj (DEF8051SOFTI2C)
  .\Objects\def8051DS1307.obj (DEF8051DS1307)
  .\Objects\def8051ADCread.obj (DEF8051ADCREAD)
  .\Objects\defDELAY16MHZ.obj (DEFDELAY16MHZ)
  .\Objects\defLCD0802.obj (DEFLCD0802)
  C:\KEIL_V5\C51\LIB\C51FPS.LIB (?C?FPADD)
  C:\KEIL_V5\C51\LIB\C51FPS.LIB (?C?FPMUL)
  C:\KEIL_V5\C51\LIB\C51FPS.LIB (?C?FPDIV)
  C:\KEIL_V5\C51\LIB\C51FPS.LIB (?C?FCAST)
  C:\KEIL_V5\C51\LIB\C51FPS.LIB (?C?CASTF)
  C:\KEIL_V5\C51\LIB\C51FPS.LIB (?C?FPGETOPN)
  C:\KEIL_V5\C51\LIB\C51S.LIB (?C_INIT)
  C:\KEIL_V5\C51\LIB\C51S.LIB (?C?CLDPTR)
  C:\KEIL_V5\C51\LIB\C51S.LIB (?C?CLDOPTR)
  C:\KEIL_V5\C51\LIB\C51S.LIB (?C?IMUL)
  C:\KEIL_V5\C51\LIB\C51S.LIB (?C?UIDIV)
  C:\KEIL_V5\C51\LIB\C51S.LIB (?C?LMUL)
  C:\KEIL_V5\C51\LIB\C51S.LIB (?C?ULDIV)
  C:\KEIL_V5\C51\LIB\C51S.LIB (?C?LNEG)
  C:\KEIL_V5\C51\LIB\C51S.LIB (?C?ULCMP)
  C:\KEIL_V5\C51\LIB\C51S.LIB (?C?ULSHR)
  C:\KEIL_V5\C51\LIB\C51S.LIB (STRCAT)
  C:\KEIL_V5\C51\LIB\C51S.LIB (?C?STRCMP)
  C:\KEIL_V5\C51\LIB\C51S.LIB (STRLEN)
  C:\KEIL_V5\C51\LIB\C51S.LIB (STRSTR)
  C:\KEIL_V5\C51\LIB\C51S.LIB (STRTOK)
  C:\KEIL_V5\C51\LIB\C51S.LIB (MALLOC)
  C:\KEIL_V5\C51\LIB\C51S.LIB (FREE)
  C:\KEIL_V5\C51\LIB\C51S.LIB (?C?CSTPTR)
  C:\KEIL_V5\C51\LIB\C51S.LIB (?C?IILDX)
  C:\KEIL_V5\C51\LIB\C51S.LIB (STRSPN)
  C:\KEIL_V5\C51\LIB\C51S.LIB (STRPBRK)
  C:\KEIL_V5\C51\LIB\C51S.LIB (INIT_MEM)


LINK MAP OF MODULE:  .\Objects\PrgSysRelayControl (MAIN)


            TYPE    BASE      LENGTH    RELOCATION   SEGMENT NAME
            -----------------------------------------------------

            * * * * * * *   D A T A   M E M O R Y   * * * * * * *
            REG     0000H     0008H     ABSOLUTE     "REG BANK 0"
            DATA    0008H     0004H     UNIT         ?DT?_INITIALUART1_TIMER3?COMMON
BL51 BANKED LINKER/LOCATER V6.22.2.0                                                  05/16/2020  17:58:24  PAGE 2


            DATA    000CH     0003H     UNIT         ?DT?STRTOK
            IDATA   000FH     0008H     UNIT         ?ID?MAIN
                    0017H     0009H                  *** GAP ***
            BIT     0020H.0   0000H.5   UNIT         ?BI?MAIN
            BIT     0020H.5   0000H.3   UNIT         _BIT_GROUP_
            BIT     0021H.0   0000H.1   UNIT         ?BI?DEF8051ADCREAD
            BIT     0021H.1   0000H.1   UNIT         ?BI?DEFLCD0802
                    0021H.2   0000H.6                *** GAP ***
            DATA    0022H     0033H     UNIT         _DATA_GROUP_
            DATA    0055H     001EH     UNIT         ?DT?MAIN
            IDATA   0073H     0001H     UNIT         ?STACK

            * * * * * * *  X D A T A   M E M O R Y  * * * * * * *
            XDATA   0000H     0008H     UNIT         ?XD?INIT_MEM

            * * * * * * *   C O D E   M E M O R Y   * * * * * * *
            CODE    0000H     0003H     ABSOLUTE     
            CODE    0003H     0008H     INBLOCK      ?PR?FNN76E003UARTREAD?COMMON
            CODE    000BH     0003H     ABSOLUTE     
            CODE    000EH     000DH     INBLOCK      ?PR?FN8051I2CSTART?DEF8051SOFTI2C
            CODE    001BH     0003H     ABSOLUTE     
                    001EH     0005H                  *** GAP ***
            CODE    0023H     0003H     ABSOLUTE     
            CODE    0026H     071CH     UNIT         ?C?LIB_CODE
            CODE    0742H     00B9H     INBLOCK      ?PR?_FN8051SYSTIMEENCODE?MAIN
                    07FBH     0005H                  *** GAP ***
            CODE    0800H     02FAH     INBLOCK      ?PR?__DISPLAY_FUNC_?MAIN
            CODE    0AFAH     02A1H     INBLOCK      ?PR?FN8051SYS_SAVONBOARD_MODE?MAIN
            CODE    0D9BH     01FFH     INBLOCK      ?PR?FN8051SYS_SETUP_MODE?MAIN
            CODE    0F9AH     01C7H     UNIT         ?CO?MAIN
            CODE    1161H     01C0H     INBLOCK      ?PR?FN8051SYS_DISPLAY_MODE?MAIN
            CODE    1321H     01A5H     INBLOCK      ?PR?FN8051SYS_TIMESET_MODE?MAIN
            CODE    14C6H     0191H     INBLOCK      ?PR?FN8051ADCREAD_BANDGAP?DEF8051ADCREAD
            CODE    1657H     014DH     INBLOCK      ?PR?FN8051SYS_TMR_MODE?MAIN
            CODE    17A4H     005CH     UNIT         ?C_INITSEG
            CODE    1800H     0143H     INBLOCK      ?PR?FN8051SYSCHECKRQ?MAIN
            CODE    1943H     012AH     INBLOCK      ?PR?FN8051SYS_MENU_MODE?MAIN
            CODE    1A6DH     011BH     INBLOCK      ?PR?FN8051SYS_RQC_MODE?MAIN
            CODE    1B88H     0110H     INBLOCK      ?PR?_FN8051ADCREAD?DEF8051ADCREAD
            CODE    1C98H     010DH     INBLOCK      ?PR?FN8051SYS_RQS_MODE?MAIN
            CODE    1DA5H     0109H     INBLOCK      ?PR?FN8051SYS_SAV_MODE?MAIN
            CODE    1EAEH     0104H     UNIT         ?PR?_FREE?FREE
            CODE    1FB2H     004EH     INBLOCK      ?PR?_FN8051EPROMWRITE?MAIN
            CODE    2000H     00E3H     INBLOCK      ?PR?_FN8051UARTSENDNUMBER?MAIN
            CODE    20E3H     00E0H     INBLOCK      ?PR?FN8051SYS_RELAYSET_MODE?MAIN
            CODE    21C3H     00D3H     INBLOCK      ?PR?MAIN?MAIN
            CODE    2296H     00B1H     INBLOCK      ?PR?FN8051ITRVECTOR4?MAIN
            CODE    2347H     00ACH     UNIT         ?C_C51STARTUP
            CODE    23F3H     00A2H     INBLOCK      ?PR?FN8051SYS_ACT_MODE?MAIN
            CODE    2495H     009CH     UNIT         ?PR?_MALLOC?MALLOC
            CODE    2531H     0082H     UNIT         ?PR?_STRSTR?STRSTR
            CODE    25B3H     0080H     UNIT         ?PR?_STRTOK?STRTOK
            CODE    2633H     007EH     INBLOCK      ?PR?_LCD_SCROLL_1LINE?DEFLCD0802
            CODE    26B1H     0078H     INBLOCK      ?PR?FN8051SYSCHECKADDRESS?MAIN
            CODE    2729H     006FH     INBLOCK      ?PR?FN8051ITRVECTOR1?MAIN
            CODE    2798H     0068H     INBLOCK      ?PR?FN8051BUTTENENCODE?MAIN
            CODE    2800H     006AH     INBLOCK      ?PR?_INITIALUART0_TIMER3?COMMON
BL51 BANKED LINKER/LOCATER V6.22.2.0                                                  05/16/2020  17:58:24  PAGE 3


            CODE    286AH     0064H     INBLOCK      ?PR?_INITIALUART1_TIMER3?COMMON
            CODE    28CEH     0061H     UNIT         ?PR?_STRSPN?STRSPN
            CODE    292FH     005DH     UNIT         ?PR?_STRPBRK?STRPBRK
            CODE    298CH     005BH     INBLOCK      ?PR?_FN8051UARTSENDFLOAT?MAIN
            CODE    29E7H     0058H     UNIT         ?PR?_STRCAT?STRCAT
            CODE    2A3FH     0053H     INBLOCK      ?PR?_POW?MAIN
            CODE    2A92H     0047H     INBLOCK      ?PR?_FN8051DS1307READDATA?DEF8051DS1307
            CODE    2AD9H     0044H     INBLOCK      ?PR?FN8051SYSPINMODE?MAIN
            CODE    2B1DH     0040H     INBLOCK      ?PR?FN8051SIMINIT?MAIN
            CODE    2B5DH     003FH     INBLOCK      ?PR?_FN8051SYSRELAYTIMINGCHECK?MAIN
            CODE    2B9CH     003CH     UNIT         ?PR?_INIT_MEMPOOL?INIT_MEM
            CODE    2BD8H     0039H     INBLOCK      ?PR?_INITIALUART0_TIMER1?COMMON
            CODE    2C11H     0030H     INBLOCK      ?PR?_FN8051DS1307WRITEDATA?DEF8051DS1307
            CODE    2C41H     002FH     INBLOCK      ?PR?_FN8051_BUZZER_?MAIN
            CODE    2C70H     002EH     INBLOCK      ?PR?FN8051DS1307READTIME?MAIN
            CODE    2C9EH     002EH     INBLOCK      ?PR?_FN8051UARTSENDSTRING?MAIN
            CODE    2CCCH     002DH     INBLOCK      ?PR?FN8051DS1307WRITETIME?MAIN
            CODE    2CF9H     002CH     INBLOCK      ?PR?_LCD_SEND_COMMAND?DEFLCD0802
            CODE    2D25H     002CH     INBLOCK      ?PR?_LCD_DISPLAY_CHAR?DEFLCD0802
            CODE    2D51H     002BH     INBLOCK      ?PR?LCD_INIT?DEFLCD0802
            CODE    2D7CH     002BH     INBLOCK      ?PR?_LCD_DISPLAY_STRING?DEFLCD0802
            CODE    2DA7H     0028H     INBLOCK      ?PR?_FN8051I2CWRITE?DEF8051SOFTI2C
            CODE    2DCFH     0026H     INBLOCK      ?PR?LCD_NEW_SLIDE?DEFLCD0802
            CODE    2DF5H     0025H     INBLOCK      ?PR?FN8051SYS_RQA_MODE?MAIN
            CODE    2E1AH     0025H     INBLOCK      ?PR?FN8051SIMSENDSTRING?MAIN
            CODE    2E3FH     0024H     INBLOCK      ?PR?FN8051ITRREGSETTUP?MAIN
            CODE    2E63H     0023H     INBLOCK      ?PR?FN8051I2CREAD?DEF8051SOFTI2C
            CODE    2E86H     0021H     INBLOCK      ?PR?FN8051ITRVECTOR3?MAIN
            CODE    2EA7H     0020H     INBLOCK      ?PR?_FN8051SYSDELAY?DEFDELAY16MHZ
            CODE    2EC7H     0020H     INBLOCK      ?PR?_FN8051SYSDELAYUS?DEFDELAY16MHZ
            CODE    2EE7H     001FH     INBLOCK      ?PR?LCD_NEXT_SCREEN?DEFLCD0802
            CODE    2F06H     001AH     INBLOCK      ?PR?FN8051SYS_JOIN_MODE?MAIN
            CODE    2F20H     0019H     INBLOCK      ?PR?LCD_SET_CURSOR?DEFLCD0802
            CODE    2F39H     0018H     INBLOCK      ?PR?FN8051UART0INIT?MAIN
            CODE    2F51H     0017H     INBLOCK      ?PR?FN8051ADCBYPASS?DEF8051ADCREAD
            CODE    2F68H     0015H     INBLOCK      ?PR?FN8051DS1307OUT_1HZ?DEF8051DS1307
            CODE    2F7DH     0015H     UNIT         ?PR?_STRLEN?STRLEN
            CODE    2F92H     0014H     INBLOCK      ?PR?FN8051SYSRESETALLFLAG?MAIN
            CODE    2FA6H     000CH     INBLOCK      ?PR?FN8051SIMSENDSMS?MAIN
            CODE    2FB2H     000BH     INBLOCK      ?PR?FN8051I2CSTOP?DEF8051SOFTI2C
            CODE    2FBDH     000AH     INBLOCK      ?PR?FN8051I2CACKWAIT?DEF8051SOFTI2C
            CODE    2FC7H     0008H     INBLOCK      ?PR?_FNN76E003UARTWRITE?COMMON
            CODE    2FCFH     0007H     INBLOCK      ?PR?_LCD_DISPLAY_NUMBER?DEFLCD0802
            CODE    2FD6H     0006H     INBLOCK      ?PR?_FN8051UARTSENDCHAR?MAIN
                    2FDCH     0EA4H                  *** GAP ***
            CODE    3E80H     0064H     ABSOLUTE     
                    3EE4H     001CH                  *** GAP ***
            CODE    3F00H     0064H     ABSOLUTE     



OVERLAY MAP OF MODULE:   .\Objects\PrgSysRelayControl (MAIN)


SEGMENT                                             BIT_GROUP          DATA_GROUP 
  +--> CALLED SEGMENT                            START    LENGTH     START    LENGTH
------------------------------------------------------------------------------------
BL51 BANKED LINKER/LOCATER V6.22.2.0                                                  05/16/2020  17:58:24  PAGE 4


?PR?FN8051ITRVECTOR1?MAIN                        -----    -----      0022H    0002H
  +--> ?PR?_FN8051SYSRELAYTIMINGCHECK?MAIN

*** NEW ROOT ***************************************************

?PR?FN8051ITRVECTOR3?MAIN                        -----    -----      0024H    0001H

*** NEW ROOT ***************************************************

?PR?FN8051ITRVECTOR4?MAIN                        -----    -----      0025H    0001H
  +--> ?PR?_FN8051_BUZZER_?MAIN

?PR?_FN8051_BUZZER_?MAIN                         -----    -----      0033H    0001H
  +--> ?PR?_FN8051SYSDELAY?DEFDELAY16MHZ

*** NEW ROOT ***************************************************

?C_C51STARTUP                                    -----    -----      -----    -----
  +--> ?PR?MAIN?MAIN
  +--> ?C_INITSEG

?PR?MAIN?MAIN                                    -----    -----      -----    -----
  +--> ?PR?FN8051SYSPINMODE?MAIN
  +--> ?PR?LCD_INIT?DEFLCD0802
  +--> ?PR?LCD_SET_CURSOR?DEFLCD0802
  +--> ?CO?MAIN
  +--> ?PR?_LCD_DISPLAY_STRING?DEFLCD0802
  +--> ?PR?FN8051ITRREGSETTUP?MAIN
  +--> ?PR?FN8051UART0INIT?MAIN
  +--> ?PR?FN8051DS1307OUT_1HZ?DEF8051DS1307
  +--> ?PR?FN8051SIMINIT?MAIN
  +--> ?PR?_MALLOC?MALLOC
  +--> ?PR?_FN8051SYSDELAY?DEFDELAY16MHZ
  +--> ?PR?FN8051SYS_DISPLAY_MODE?MAIN
  +--> ?PR?FN8051SYS_MENU_MODE?MAIN
  +--> ?PR?FN8051SYSCHECKADDRESS?MAIN
  +--> ?PR?FN8051SYSCHECKRQ?MAIN
  +--> ?PR?FN8051SYS_ACT_MODE?MAIN
  +--> ?PR?FN8051SYS_SAV_MODE?MAIN
  +--> ?PR?FN8051SYS_TMR_MODE?MAIN
  +--> ?PR?FN8051SYS_RQC_MODE?MAIN
  +--> ?PR?FN8051SYS_RQS_MODE?MAIN
  +--> ?PR?FN8051SYS_RQA_MODE?MAIN
  +--> ?PR?FN8051SYSRESETALLFLAG?MAIN
  +--> ?PR?FN8051SYS_JOIN_MODE?MAIN

?PR?LCD_INIT?DEFLCD0802                          -----    -----      -----    -----
  +--> ?PR?_FN8051SYSDELAY?DEFDELAY16MHZ
  +--> ?PR?_LCD_SEND_COMMAND?DEFLCD0802

?PR?_LCD_SEND_COMMAND?DEFLCD0802                 -----    -----      -----    -----
  +--> ?PR?_FN8051SYSDELAY?DEFDELAY16MHZ

?PR?LCD_SET_CURSOR?DEFLCD0802                    0020H.7  0000H.1    0035H    0001H
  +--> ?PR?_LCD_SEND_COMMAND?DEFLCD0802

?PR?_LCD_DISPLAY_STRING?DEFLCD0802               -----    -----      0035H    0005H
BL51 BANKED LINKER/LOCATER V6.22.2.0                                                  05/16/2020  17:58:24  PAGE 5


  +--> ?PR?_LCD_DISPLAY_CHAR?DEFLCD0802

?PR?_LCD_DISPLAY_CHAR?DEFLCD0802                 -----    -----      -----    -----
  +--> ?PR?_FN8051SYSDELAY?DEFDELAY16MHZ

?PR?FN8051UART0INIT?MAIN                         -----    -----      -----    -----
  +--> ?PR?_INITIALUART0_TIMER3?COMMON

?PR?_INITIALUART0_TIMER3?COMMON                  -----    -----      0027H    0004H

?PR?FN8051DS1307OUT_1HZ?DEF8051DS1307            -----    -----      -----    -----
  +--> ?PR?FN8051I2CSTART?DEF8051SOFTI2C
  +--> ?PR?_FN8051I2CWRITE?DEF8051SOFTI2C
  +--> ?PR?FN8051I2CSTOP?DEF8051SOFTI2C

?PR?FN8051SIMINIT?MAIN                           -----    -----      -----    -----
  +--> ?CO?MAIN
  +--> ?PR?_FN8051UARTSENDSTRING?MAIN
  +--> ?PR?_FN8051SYSDELAY?DEFDELAY16MHZ

?PR?_FN8051UARTSENDSTRING?MAIN                   -----    -----      002CH    0003H
  +--> ?CO?MAIN
  +--> ?PR?_STRLEN?STRLEN
  +--> ?PR?_FN8051UARTSENDCHAR?MAIN

?PR?_MALLOC?MALLOC                               -----    -----      0032H    0004H

?PR?FN8051SYS_DISPLAY_MODE?MAIN                  0020H.5  0000H.1    0027H    0007H
  +--> ?PR?_FREE?FREE
  +--> ?PR?__DISPLAY_FUNC_?MAIN
  +--> ?PR?FN8051DS1307READTIME?MAIN
  +--> ?PR?LCD_SET_CURSOR?DEFLCD0802
  +--> ?PR?_FN8051UARTSENDNUMBER?MAIN
  +--> ?PR?_LCD_DISPLAY_CHAR?DEFLCD0802
  +--> ?CO?MAIN
  +--> ?PR?_LCD_DISPLAY_STRING?DEFLCD0802
  +--> ?PR?_FN8051ADCREAD?DEF8051ADCREAD
  +--> ?PR?_FN8051UARTSENDFLOAT?MAIN
  +--> ?PR?FN8051BUTTENENCODE?MAIN
  +--> ?PR?LCD_NEW_SLIDE?DEFLCD0802
  +--> ?PR?_FN8051_BUZZER_?MAIN

?PR?_FREE?FREE                                   -----    -----      0032H    0004H

?PR?__DISPLAY_FUNC_?MAIN                         -----    -----      0033H    0002H
  +--> ?PR?_LCD_SEND_COMMAND?DEFLCD0802
  +--> ?PR?_FN8051SYSDELAY?DEFDELAY16MHZ
  +--> ?PR?LCD_SET_CURSOR?DEFLCD0802
  +--> ?CO?MAIN
  +--> ?PR?_LCD_DISPLAY_STRING?DEFLCD0802
  +--> ?PR?_LCD_DISPLAY_CHAR?DEFLCD0802
  +--> ?PR?_LCD_DISPLAY_NUMBER?DEFLCD0802

?PR?_LCD_DISPLAY_NUMBER?DEFLCD0802               -----    -----      -----    -----
  +--> ?PR?_LCD_DISPLAY_CHAR?DEFLCD0802

?PR?FN8051DS1307READTIME?MAIN                    -----    -----      -----    -----
BL51 BANKED LINKER/LOCATER V6.22.2.0                                                  05/16/2020  17:58:24  PAGE 6


  +--> ?CO?MAIN
  +--> ?PR?_FN8051DS1307READDATA?DEF8051DS1307

?PR?_FN8051DS1307READDATA?DEF8051DS1307          -----    -----      0033H    0003H
  +--> ?PR?FN8051I2CSTART?DEF8051SOFTI2C
  +--> ?PR?_FN8051I2CWRITE?DEF8051SOFTI2C
  +--> ?PR?FN8051I2CREAD?DEF8051SOFTI2C
  +--> ?PR?FN8051I2CSTOP?DEF8051SOFTI2C

?PR?FN8051I2CREAD?DEF8051SOFTI2C                 0020H.7  0000H.1    -----    -----

?PR?_FN8051UARTSENDNUMBER?MAIN                   0020H.7  0000H.1    0034H    0006H
  +--> ?PR?_LCD_DISPLAY_NUMBER?DEFLCD0802
  +--> ?PR?_POW?MAIN
  +--> ?PR?_FN8051UARTSENDCHAR?MAIN

?PR?_POW?MAIN                                    -----    -----      003AH    0007H

?PR?_FN8051ADCREAD?DEF8051ADCREAD                0020H.7  0000H.1    0035H    0015H
  +--> ?PR?FN8051ADCREAD_BANDGAP?DEF8051ADCREAD

?PR?FN8051ADCREAD_BANDGAP?DEF8051ADCREAD         -----    -----      004AH    000BH

?PR?_FN8051UARTSENDFLOAT?MAIN                    0020H.6  0000H.1    002EH    0006H
  +--> ?PR?_FN8051UARTSENDNUMBER?MAIN
  +--> ?PR?_FN8051UARTSENDCHAR?MAIN
  +--> ?PR?_LCD_DISPLAY_NUMBER?DEFLCD0802
  +--> ?PR?_LCD_DISPLAY_CHAR?DEFLCD0802

?PR?FN8051BUTTENENCODE?MAIN                      -----    -----      0033H    0002H
  +--> ?PR?_FN8051ADCREAD?DEF8051ADCREAD
  +--> ?PR?_FN8051SYSDELAY?DEFDELAY16MHZ

?PR?LCD_NEW_SLIDE?DEFLCD0802                     0020H.6  0000H.1    002EH    0001H
  +--> ?PR?_LCD_SEND_COMMAND?DEFLCD0802
  +--> ?PR?_FN8051SYSDELAY?DEFDELAY16MHZ

?PR?FN8051SYS_MENU_MODE?MAIN                     -----    -----      0027H    0004H
  +--> ?PR?__DISPLAY_FUNC_?MAIN
  +--> ?PR?_STRLEN?STRLEN
  +--> ?PR?LCD_SET_CURSOR?DEFLCD0802
  +--> ?PR?_LCD_SCROLL_1LINE?DEFLCD0802
  +--> ?PR?FN8051BUTTENENCODE?MAIN
  +--> ?PR?LCD_NEW_SLIDE?DEFLCD0802
  +--> ?PR?FN8051SYS_RELAYSET_MODE?MAIN
  +--> ?PR?FN8051SYS_SAVONBOARD_MODE?MAIN
  +--> ?PR?FN8051SYS_TIMESET_MODE?MAIN
  +--> ?PR?FN8051SYS_SETUP_MODE?MAIN

?PR?_LCD_SCROLL_1LINE?DEFLCD0802                 -----    -----      002BH    0007H
  +--> ?PR?_LCD_DISPLAY_CHAR?DEFLCD0802

?PR?FN8051SYS_RELAYSET_MODE?MAIN                 0020H.5  0000H.1    002BH    0002H
  +--> ?PR?__DISPLAY_FUNC_?MAIN
  +--> ?PR?FN8051BUTTENENCODE?MAIN
  +--> ?PR?LCD_SET_CURSOR?DEFLCD0802
  +--> ?PR?_LCD_DISPLAY_NUMBER?DEFLCD0802
BL51 BANKED LINKER/LOCATER V6.22.2.0                                                  05/16/2020  17:58:24  PAGE 7


  +--> ?CO?MAIN
  +--> ?PR?_LCD_DISPLAY_STRING?DEFLCD0802

?PR?FN8051SYS_SAVONBOARD_MODE?MAIN               0020H.5  0000H.2    002BH    0008H
  +--> ?PR?LCD_SET_CURSOR?DEFLCD0802
  +--> ?PR?_LCD_DISPLAY_CHAR?DEFLCD0802
  +--> ?PR?_LCD_DISPLAY_NUMBER?DEFLCD0802
  +--> ?CO?MAIN
  +--> ?PR?_LCD_DISPLAY_STRING?DEFLCD0802
  +--> ?PR?_LCD_SEND_COMMAND?DEFLCD0802
  +--> ?PR?FN8051BUTTENENCODE?MAIN
  +--> ?PR?LCD_NEXT_SCREEN?DEFLCD0802
  +--> ?PR?FN8051DS1307READTIME?MAIN
  +--> ?PR?_FN8051SYSTIMEENCODE?MAIN
  +--> ?PR?_FN8051_BUZZER_?MAIN
  +--> ?PR?_FN8051SYSDELAY?DEFDELAY16MHZ
  +--> ?PR?__DISPLAY_FUNC_?MAIN

?PR?LCD_NEXT_SCREEN?DEFLCD0802                   0020H.7  0000H.1    0033H    0001H
  +--> ?PR?_LCD_SEND_COMMAND?DEFLCD0802

?PR?_FN8051SYSTIMEENCODE?MAIN                    -----    -----      0033H    0006H
  +--> ?PR?_FN8051EPROMWRITE?MAIN

?PR?_FN8051EPROMWRITE?MAIN                       0020H.7  0000H.1    -----    -----

?PR?FN8051SYS_TIMESET_MODE?MAIN                  -----    -----      002BH    0006H
  +--> ?PR?__DISPLAY_FUNC_?MAIN
  +--> ?PR?_LCD_SEND_COMMAND?DEFLCD0802
  +--> ?PR?LCD_SET_CURSOR?DEFLCD0802
  +--> ?PR?_LCD_DISPLAY_NUMBER?DEFLCD0802
  +--> ?PR?FN8051BUTTENENCODE?MAIN
  +--> ?CO?MAIN
  +--> ?PR?_LCD_DISPLAY_STRING?DEFLCD0802
  +--> ?PR?FN8051DS1307WRITETIME?MAIN
  +--> ?PR?_FN8051_BUZZER_?MAIN

?PR?FN8051DS1307WRITETIME?MAIN                   -----    -----      -----    -----
  +--> ?CO?MAIN
  +--> ?PR?_FN8051DS1307WRITEDATA?DEF8051DS1307

?PR?_FN8051DS1307WRITEDATA?DEF8051DS1307         -----    -----      0032H    0002H
  +--> ?PR?FN8051I2CSTART?DEF8051SOFTI2C
  +--> ?PR?_FN8051I2CWRITE?DEF8051SOFTI2C
  +--> ?PR?FN8051I2CSTOP?DEF8051SOFTI2C

?PR?FN8051SYS_SETUP_MODE?MAIN                    0020H.5  0000H.1    002BH    0004H
  +--> ?PR?__DISPLAY_FUNC_?MAIN
  +--> ?PR?FN8051BUTTENENCODE?MAIN
  +--> ?PR?LCD_SET_CURSOR?DEFLCD0802
  +--> ?CO?MAIN
  +--> ?PR?_LCD_DISPLAY_STRING?DEFLCD0802
  +--> ?PR?_FN8051_BUZZER_?MAIN
  +--> ?PR?_FN8051UARTSENDNUMBER?MAIN
  +--> ?PR?_LCD_DISPLAY_CHAR?DEFLCD0802
  +--> ?PR?_LCD_DISPLAY_NUMBER?DEFLCD0802
  +--> ?PR?_FN8051SYSDELAY?DEFDELAY16MHZ
BL51 BANKED LINKER/LOCATER V6.22.2.0                                                  05/16/2020  17:58:24  PAGE 8



?PR?FN8051SYSCHECKADDRESS?MAIN                   -----    -----      0027H    0002H
  +--> ?CO?MAIN
  +--> ?PR?_STRSTR?STRSTR

?PR?_STRSTR?STRSTR                               -----    -----      0029H    000CH

?PR?FN8051SYSCHECKRQ?MAIN                        -----    -----      0027H    0007H
  +--> ?CO?MAIN
  +--> ?PR?_MALLOC?MALLOC
  +--> ?PR?_STRTOK?STRTOK
  +--> ?PR?_FREE?FREE

?PR?_STRTOK?STRTOK                               -----    -----      0032H    0006H
  +--> ?PR?_STRSPN?STRSPN
  +--> ?PR?_STRPBRK?STRPBRK

?PR?_STRSPN?STRSPN                               -----    -----      0038H    0008H

?PR?_STRPBRK?STRPBRK                             -----    -----      0038H    0009H

?PR?FN8051SYS_ACT_MODE?MAIN                      -----    -----      0027H    0008H
  +--> ?CO?MAIN
  +--> ?PR?_MALLOC?MALLOC
  +--> ?PR?_STRTOK?STRTOK
  +--> ?PR?_STRCAT?STRCAT

?PR?_STRCAT?STRCAT                               -----    -----      0031H    0009H

?PR?FN8051SYS_SAV_MODE?MAIN                      -----    -----      0027H    000AH
  +--> ?CO?MAIN
  +--> ?PR?_MALLOC?MALLOC
  +--> ?PR?_STRTOK?STRTOK
  +--> ?PR?_STRCAT?STRCAT
  +--> ?PR?_FN8051SYSTIMEENCODE?MAIN

?PR?FN8051SYS_TMR_MODE?MAIN                      -----    -----      0027H    000BH
  +--> ?CO?MAIN
  +--> ?PR?_MALLOC?MALLOC
  +--> ?PR?_STRTOK?STRTOK
  +--> ?PR?_STRLEN?STRLEN
  +--> ?PR?FN8051DS1307WRITETIME?MAIN
  +--> ?PR?_FREE?FREE

?PR?FN8051SYS_RQC_MODE?MAIN                      -----    -----      0027H    0005H
  +--> ?PR?FN8051DS1307READTIME?MAIN
  +--> ?PR?FN8051SIMSENDSTRING?MAIN
  +--> ?PR?_FN8051UARTSENDSTRING?MAIN
  +--> ?PR?_FN8051UARTSENDNUMBER?MAIN
  +--> ?PR?_FN8051UARTSENDCHAR?MAIN
  +--> ?CO?MAIN
  +--> ?PR?_FN8051ADCREAD?DEF8051ADCREAD
  +--> ?PR?_FN8051UARTSENDFLOAT?MAIN
  +--> ?PR?FN8051SIMSENDSMS?MAIN

?PR?FN8051SIMSENDSTRING?MAIN                     -----    -----      -----    -----
  +--> ?CO?MAIN
BL51 BANKED LINKER/LOCATER V6.22.2.0                                                  05/16/2020  17:58:24  PAGE 9


  +--> ?PR?_FN8051UARTSENDSTRING?MAIN

?PR?FN8051SIMSENDSMS?MAIN                        -----    -----      -----    -----
  +--> ?PR?_FN8051UARTSENDCHAR?MAIN

?PR?FN8051SYS_RQS_MODE?MAIN                      -----    -----      0027H    0004H
  +--> ?PR?FN8051SIMSENDSTRING?MAIN
  +--> ?PR?_FN8051UARTSENDSTRING?MAIN
  +--> ?PR?_FN8051UARTSENDNUMBER?MAIN
  +--> ?PR?_FN8051UARTSENDCHAR?MAIN
  +--> ?CO?MAIN
  +--> ?PR?FN8051SIMSENDSMS?MAIN

?PR?FN8051SYS_RQA_MODE?MAIN                      -----    -----      -----    -----
  +--> ?PR?FN8051SIMSENDSTRING?MAIN
  +--> ?PR?_FN8051UARTSENDSTRING?MAIN
  +--> ?PR?_FN8051UARTSENDNUMBER?MAIN
  +--> ?PR?_FN8051UARTSENDCHAR?MAIN
  +--> ?PR?FN8051SYS_RQC_MODE?MAIN
  +--> ?PR?FN8051SYS_RQS_MODE?MAIN
  +--> ?PR?FN8051SIMSENDSMS?MAIN

?PR?FN8051SYSRESETALLFLAG?MAIN                   -----    -----      -----    -----
  +--> ?PR?_FREE?FREE

?PR?FN8051SYS_JOIN_MODE?MAIN                     -----    -----      -----    -----
  +--> ?PR?FN8051SYSCHECKRQ?MAIN

?C_INITSEG                                       -----    -----      -----    -----
  +--> ?CO?MAIN



SYMBOL TABLE OF MODULE:  .\Objects\PrgSysRelayControl (MAIN)

  VALUE           TYPE          NAME
  ----------------------------------

  -------         MODULE        MAIN
  C:0000H         SYMBOL        _ICE_DUMMY_
  D:00B1H         PUBLIC        P0M1
  D:00B3H         PUBLIC        P1M1
  D:00B2H         PUBLIC        P0M2
  D:0080H         PUBLIC        P0
  D:0056H         PUBLIC        JOINO
  D:00B4H         PUBLIC        P1M2
  D:0090H         PUBLIC        P1
  B:0020H.0       PUBLIC        SHIFT_INDICATOR
  C:0AFAH         PUBLIC        fn8051SYS_SAVONBOARD_mode
  C:1657H         PUBLIC        fn8051SYS_TMR_mode
  D:00ACH         PUBLIC        P3M1
  D:00A0H         PUBLIC        P2
  D:00B0H         PUBLIC        P3
  D:00ADH         PUBLIC        P3M2
  C:3E80H         PUBLIC        Vruca1GlbTimerRelay1
  C:1159H         PUBLIC        RXDATASIZE
  C:3F00H         PUBLIC        Vruca1GlbTimerRelay2
BL51 BANKED LINKER/LOCATER V6.22.2.0                                                  05/16/2020  17:58:24  PAGE 10


  C:1C98H         PUBLIC        fn8051SYS_RQS_mode
  B:00A8H.7       PUBLIC        EA
  D:00D8H         PUBLIC        PWMCON0
  I:000FH         PUBLIC        vrcGlbSYSRECEIVEADDR
  C:0742H         PUBLIC        _fn8051SYSTimeEncode
  D:00A8H         PUBLIC        IE
  B:0020H.1       PUBLIC        vrbGlb8051TOGGLEFLAG
  D:00C7H         PUBLIC        TA
  C:2E1AH         PUBLIC        fn8051SIMSENDSTRING
  B:00A8H.4       PUBLIC        ES
  D:00B8H         PUBLIC        IP
  C:2C70H         PUBLIC        fn8051DS1307ReadTime
  B:0090H.5       PUBLIC        pnoGlb8051BUZZER
  B:0098H.0       PUBLIC        RI
  B:0098H.1       PUBLIC        TI
  C:115FH         PUBLIC        TimerDATA
  C:0D9BH         PUBLIC        fn8051SYS_SETUP_MODE
  C:2F92H         PUBLIC        fn8051SYSRESETALLFLAG
  D:0058H         PUBLIC        BTTHIETBI
  C:21C3H         PUBLIC        main
  C:1161H         PUBLIC        fn8051SYS_DISPLAY_mode
  C:2CCCH         PUBLIC        fn8051DS1307WriteTime
  C:2F39H         PUBLIC        fn8051UART0Init
  C:1800H         PUBLIC        fn8051SYSCheckRQ
  C:1321H         PUBLIC        fn8051SYS_TIMESET_mode
  D:005AH         PUBLIC        CAIGIO
  C:2FA6H         PUBLIC        fn8051SIMSENDSMS
  D:0099H         PUBLIC        SBUF
  D:0098H         PUBLIC        SCON
  I:0010H         PUBLIC        vrcGlb8051DS1307Sec
  D:0089H         PUBLIC        TMOD
  D:0088H         PUBLIC        TCON
  C:115DH         PUBLIC        SmalldataSize
  B:0020H.2       PUBLIC        vrbGlb8051SYSMainFlag
  B:0020H.3       PUBLIC        vrbGlb8051SIMFLAG
  I:0011H         PUBLIC        vrcGlb8051DS1307Hour
  C:1FB2H         PUBLIC        _fn8051EPROMWrite
  D:005CH         PUBLIC        DANHSACH
  D:009FH         PUBLIC        CHPCON
  C:2729H         PUBLIC        fn8051ITRVector1
  I:0012H         PUBLIC        vrcGlb8051DS1307Min
  C:1155H         PUBLIC        HOUR
  C:2F06H         PUBLIC        fn8051SYS_JOIN_mode
  C:2E3FH         PUBLIC        fn8051ITRRegSettup
  C:2E86H         PUBLIC        fn8051ITRVector3
  C:2296H         PUBLIC        fn8051ITRVector4
  C:1943H         PUBLIC        fn8051SYS_MENU_MODE
  D:00A5H         PUBLIC        IAPUEN
  C:2B1DH         PUBLIC        fn8051SIMINIT
  D:00F8H         PUBLIC        SCON_1
  D:005EH         PUBLIC        PHONENUMBER
  C:2C41H         PUBLIC        _fn8051_BUZZER_
  B:00A8H.1       PUBLIC        ET0
  D:00A4H         PUBLIC        IAPTRG
  B:0088H.5       PUBLIC        TF0
  B:00A8H.3       PUBLIC        ET1
  B:0088H.7       PUBLIC        TF1
BL51 BANKED LINKER/LOCATER V6.22.2.0                                                  05/16/2020  17:58:24  PAGE 11


  D:008CH         PUBLIC        TH0
  D:008DH         PUBLIC        TH1
  I:0013H         PUBLIC        VrcGlbAPROMRelayADR1
  B:0020H.4       PUBLIC        vrbGlb8051SYSWrongSyntax
  D:008AH         PUBLIC        TL0
  I:0014H         PUBLIC        VrcGlbAPROMRelayADR2
  D:008BH         PUBLIC        TL1
  C:26B1H         PUBLIC        fn8051SYSCheckAddress
  C:115BH         PUBLIC        HugeDADASIZE
  C:2AD9H         PUBLIC        fn8051SYSPinMode
  B:0088H.4       PUBLIC        TR0
  D:0060H         PUBLIC        vrcGlbSYSMYAddress
  C:2A43H         PUBLIC        _pow
  B:0088H.6       PUBLIC        TR1
  D:0061H         PUBLIC        vrcGlb8051UARTPointer
  D:0063H         PUBLIC        ACT
  D:00E8H         PUBLIC        ADCCON0
  C:1151H         PUBLIC        SEC
  D:00C0H         PUBLIC        I2CON
  C:2008H         PUBLIC        _fn8051UARTSendNumber
  D:00B7H         PUBLIC        IPH
  D:0065H         PUBLIC        RQA
  C:1153H         PUBLIC        MIN
  D:00A7H         PUBLIC        IAPAH
  D:00AEH         PUBLIC        IAPFD
  D:0067H         PUBLIC        RQC
  C:0800H         PUBLIC        __DISPLAY_FUNC_
  C:23F3H         PUBLIC        fn8051SYS_ACT_mode
  B:0080H.3       PUBLIC        pnoGlb8051Relay1
  D:00C8H         PUBLIC        T2CON
  C:298CH         PUBLIC        _fn8051UARTSendFLOAT
  B:0080H.2       PUBLIC        pnoGlb8051Relay2
  D:00A6H         PUBLIC        IAPAL
  D:0069H         PUBLIC        SAV
  C:2CA4H         PUBLIC        _fn8051UARTSendString
  D:00AFH         PUBLIC        IAPCN
  D:006BH         PUBLIC        vrcGlbSYSREQESTEDMODE
  C:2798H         PUBLIC        fn8051ButtenEncode
  D:008EH         PUBLIC        CKCON
  C:2FD6H         PUBLIC        _fn8051UARTSendChar
  D:006CH         PUBLIC        vrcGlbSYSMODULETYPE
  C:2DF5H         PUBLIC        fn8051SYS_RQA_mode
  D:006DH         PUBLIC        TMR
  C:2B5DH         PUBLIC        _fn8051SYSRelayTimingCheck
  C:1A6DH         PUBLIC        fn8051SYS_RQC_mode
  D:006FH         PUBLIC        RQS
  D:0071H         PUBLIC        JOINF
  C:1DA5H         PUBLIC        fn8051SYS_SAV_mode
  I:0015H         PUBLIC        INDEX
  C:1157H         PUBLIC        BUFFERSIZE
  C:20E3H         PUBLIC        fn8051SYS_RELAYSET_mode
  D:00D0H         PUBLIC        PSW
  -------         PROC          MAIN
  C:21C3H         LINE#         13
  C:21C3H         LINE#         14
  C:21C6H         LINE#         15
  C:21C9H         LINE#         16
BL51 BANKED LINKER/LOCATER V6.22.2.0                                                  05/16/2020  17:58:24  PAGE 12


  C:21D1H         LINE#         17
  C:21DAH         LINE#         18
  C:21E2H         LINE#         19
  C:21EBH         LINE#         20
  C:21F1H         LINE#         21
  C:21F7H         LINE#         22
  C:21FAH         LINE#         23
  C:21FDH         LINE#         24
  C:2200H         LINE#         25
  C:2203H         LINE#         26
  C:2214H         LINE#         27
  C:221BH         LINE#         28
  C:221BH         LINE#         29
  C:221EH         LINE#         30
  C:2221H         LINE#         31
  C:2224H         LINE#         32
  C:2226H         LINE#         33
  C:2229H         LINE#         34
  C:222DH         LINE#         35
  C:2234H         LINE#         36
  C:2238H         LINE#         37
  C:223DH         LINE#         38
  C:2242H         LINE#         39
  C:2245H         LINE#         40
  C:2245H         LINE#         41
  C:2247H         LINE#         42
  C:224DH         LINE#         43
  C:2250H         LINE#         44
  C:2250H         LINE#         45
  C:2252H         LINE#         46
  C:2258H         LINE#         47
  C:225BH         LINE#         48
  C:225BH         LINE#         49
  C:225DH         LINE#         50
  C:2263H         LINE#         51
  C:2266H         LINE#         52
  C:2266H         LINE#         53
  C:2268H         LINE#         54
  C:226EH         LINE#         55
  C:2271H         LINE#         56
  C:2271H         LINE#         57
  C:2273H         LINE#         58
  C:2279H         LINE#         59
  C:227CH         LINE#         60
  C:227CH         LINE#         61
  C:227EH         LINE#         62
  C:2282H         LINE#         63
  C:2285H         LINE#         64
  C:2285H         LINE#         65
  C:2287H         LINE#         66
  C:228EH         LINE#         67
  C:2291H         LINE#         68
  C:2294H         LINE#         69
  C:2294H         LINE#         70
  C:2294H         LINE#         71
  -------         ENDPROC       MAIN
  -------         PROC          FN8051SYSPINMODE
BL51 BANKED LINKER/LOCATER V6.22.2.0                                                  05/16/2020  17:58:24  PAGE 13


  C:2AD9H         LINE#         73
  C:2AD9H         LINE#         74
  C:2AE6H         LINE#         75
  C:2AECH         LINE#         76
  C:2AF2H         LINE#         77
  C:2AF8H         LINE#         78
  C:2AFEH         LINE#         79
  C:2B04H         LINE#         80
  C:2B0AH         LINE#         81
  C:2B10H         LINE#         82
  C:2B16H         LINE#         83
  C:2B1CH         LINE#         84
  -------         ENDPROC       FN8051SYSPINMODE
  -------         PROC          FN8051ITRREGSETTUP
  C:2E3FH         LINE#         85
  C:2E3FH         LINE#         86
  C:2E42H         LINE#         87
  C:2E45H         LINE#         88
  C:2E48H         LINE#         89
  C:2E4BH         LINE#         90
  C:2E4DH         LINE#         91
  C:2E53H         LINE#         92
  C:2E56H         LINE#         93
  C:2E58H         LINE#         94
  C:2E5AH         LINE#         95
  C:2E5CH         LINE#         96
  C:2E5FH         LINE#         97
  C:2E62H         LINE#         98
  -------         ENDPROC       FN8051ITRREGSETTUP
  -------         PROC          FN8051UART0INIT
  C:2F39H         LINE#         99
  C:2F39H         LINE#         100
  C:2F3DH         LINE#         101
  C:2F48H         LINE#         102
  C:2F4AH         LINE#         103
  C:2F4CH         LINE#         104
  C:2F4EH         LINE#         105
  C:2F50H         LINE#         106
  C:2F50H         LINE#         107
  -------         ENDPROC       FN8051UART0INIT
  -------         PROC          FN8051ITRVECTOR1
  -------         DO            
  D:0022H         SYMBOL        CHECKSETTIMECOUNT
  D:0023H         SYMBOL        SHIFTCOUNT
  D:0055H         SYMBOL        checklocate
  -------         ENDDO         
  C:2729H         LINE#         108
  C:2746H         LINE#         111
  C:2748H         LINE#         112
  C:274AH         LINE#         113
  C:2755H         LINE#         114
  C:275AH         LINE#         115
  C:275CH         LINE#         116
  C:2764H         LINE#         117
  C:2767H         LINE#         118
  C:2767H         LINE#         119
  C:2772H         LINE#         120
BL51 BANKED LINKER/LOCATER V6.22.2.0                                                  05/16/2020  17:58:24  PAGE 14


  C:2774H         LINE#         121
  C:2777H         LINE#         122
  C:2777H         LINE#         123
  C:277AH         LINE#         124
  C:277DH         LINE#         125
  -------         ENDPROC       FN8051ITRVECTOR1
  -------         PROC          FN8051ITRVECTOR3
  -------         DO            
  D:0024H         SYMBOL        togglecount
  -------         ENDDO         
  C:2E86H         LINE#         126
  C:2E8AH         LINE#         128
  C:2E8CH         LINE#         129
  C:2E97H         LINE#         130
  C:2E99H         LINE#         131
  C:2E9CH         LINE#         132
  C:2E9CH         LINE#         133
  C:2E9FH         LINE#         134
  C:2EA2H         LINE#         135
  -------         ENDPROC       FN8051ITRVECTOR3
  -------         PROC          FN8051ITRVECTOR4
  -------         DO            
  D:0025H         SYMBOL        throwaway
  -------         ENDDO         
  C:2296H         LINE#         136
  C:22B3H         LINE#         138
  C:22B6H         LINE#         139
  C:22B9H         LINE#         140
  C:22BEH         LINE#         141
  C:22C0H         LINE#         142
  C:22C2H         LINE#         143
  C:22C4H         LINE#         144
  C:22D2H         LINE#         145
  C:22E4H         LINE#         146
  C:22EAH         LINE#         147
  C:2309H         LINE#         148
  C:230BH         LINE#         149
  C:2310H         LINE#         150
  C:2310H         LINE#         151
  C:2312H         LINE#         152
  C:2314H         LINE#         153
  C:2322H         LINE#         154
  C:2325H         LINE#         155
  C:2327H         LINE#         156
  C:2327H         LINE#         157
  C:2327H         LINE#         158
  C:232AH         LINE#         159
  C:232CH         LINE#         160
  C:232CH         LINE#         161
  -------         ENDPROC       FN8051ITRVECTOR4
  -------         PROC          FN8051SYSCHECKADDRESS
  -------         DO            
  D:0027H         SYMBOL        i
  D:0028H         SYMBOL        RECEIVEDADDR
  -------         ENDDO         
  C:26B1H         LINE#         162
  C:26B1H         LINE#         163
BL51 BANKED LINKER/LOCATER V6.22.2.0                                                  05/16/2020  17:58:24  PAGE 15


  C:26B7H         LINE#         164
  C:26BDH         LINE#         165
  C:26D7H         LINE#         166
  C:26D7H         LINE#         167
  C:26E8H         LINE#         168
  C:2707H         LINE#         169
  C:271FH         LINE#         170
  C:2721H         LINE#         171
  C:2723H         LINE#         172
  C:2723H         LINE#         173
  C:2726H         LINE#         174
  C:2728H         LINE#         175
  -------         ENDPROC       FN8051SYSCHECKADDRESS
  -------         PROC          FN8051SYSCHECKRQ
  -------         DO            
  D:0027H         SYMBOL        vrc8051SYSPointer
  D:002AH         SYMBOL        RequestType
  D:002BH         SYMBOL        indicator
  -------         ENDDO         
  C:1800H         LINE#         176
  C:1800H         LINE#         177
  C:1803H         LINE#         178
  C:180CH         LINE#         179
  C:1823H         LINE#         180
  C:183BH         LINE#         181
  C:1842H         LINE#         182
  C:184BH         LINE#         183
  C:1863H         LINE#         184
  C:187EH         LINE#         185
  C:1899H         LINE#         186
  C:18B4H         LINE#         187
  C:18CFH         LINE#         188
  C:18EAH         LINE#         189
  C:1905H         LINE#         190
  C:1920H         LINE#         191
  C:1939H         LINE#         192
  C:1940H         LINE#         193
  C:1942H         LINE#         194
  -------         ENDPROC       FN8051SYSCHECKRQ
  -------         PROC          FN8051SYS_ACT_MODE
  -------         DO            
  D:0027H         SYMBOL        vrcPointer
  D:002AH         SYMBOL        RelayNum
  D:0007H         SYMBOL        RelayStatus
  D:002BH         SYMBOL        i
  D:002CH         SYMBOL        indicator
  -------         ENDDO         
  C:23F3H         LINE#         195
  C:23F3H         LINE#         196
  C:23F6H         LINE#         197
  C:23FFH         LINE#         198
  C:2416H         LINE#         199
  C:242EH         LINE#         200
  C:243AH         LINE#         201
  C:244EH         LINE#         202
  C:2453H         LINE#         203
  C:2465H         LINE#         204
BL51 BANKED LINKER/LOCATER V6.22.2.0                                                  05/16/2020  17:58:24  PAGE 16


  C:2475H         LINE#         205
  C:2485H         LINE#         206
  C:2490H         LINE#         207
  C:2490H         LINE#         208
  C:2492H         LINE#         209
  C:2494H         LINE#         210
  -------         ENDPROC       FN8051SYS_ACT_MODE
  -------         PROC          FN8051SYS_TMR_MODE
  -------         DO            
  D:0027H         SYMBOL        vrc8051SYSPointer
  D:002AH         SYMBOL        vrucSYSstrlen
  D:002BH         SYMBOL        HOUR
  D:002CH         SYMBOL        MIN
  D:002DH         SYMBOL        SEC
  D:002EH         SYMBOL        systaxcheck
  D:002FH         SYMBOL        indicator
  -------         ENDDO         
  C:1657H         LINE#         211
  C:1657H         LINE#         212
  C:165CH         LINE#         213
  C:1665H         LINE#         214
  C:167CH         LINE#         215
  C:1694H         LINE#         216
  C:1699H         LINE#         217
  C:16AFH         LINE#         218
  C:16C7H         LINE#         219
  C:16C9H         LINE#         220
  C:16C9H         LINE#         221
  C:16CBH         LINE#         222
  C:16CBH         LINE#         223
  C:16E3H         LINE#         224
  C:16F3H         LINE#         225
  C:170BH         LINE#         226
  C:170DH         LINE#         227
  C:170DH         LINE#         228
  C:170FH         LINE#         229
  C:170FH         LINE#         230
  C:1727H         LINE#         231
  C:1737H         LINE#         232
  C:174FH         LINE#         233
  C:1751H         LINE#         234
  C:1751H         LINE#         235
  C:1753H         LINE#         236
  C:1753H         LINE#         237
  C:176BH         LINE#         238
  C:1772H         LINE#         239
  C:1774H         LINE#         240
  C:1774H         LINE#         241
  C:178CH         LINE#         242
  C:178FH         LINE#         243
  C:1793H         LINE#         244
  C:1796H         LINE#         245
  C:179AH         LINE#         246
  C:179AH         LINE#         247
  C:179DH         LINE#         248
  -------         ENDPROC       FN8051SYS_TMR_MODE
  -------         PROC          FN8051SYS_SAV_MODE
BL51 BANKED LINKER/LOCATER V6.22.2.0                                                  05/16/2020  17:58:24  PAGE 17


  -------         DO            
  D:0027H         SYMBOL        vrc8051TimePointer
  D:002AH         SYMBOL        Locate
  D:002BH         SYMBOL        RelayNum
  D:0005H         SYMBOL        RelayStatus
  D:0001H         SYMBOL        timestring
  D:002CH         SYMBOL        TimeSet
  D:002EH         SYMBOL        indicator
  -------         ENDDO         
  C:1DA5H         LINE#         250
  C:1DA5H         LINE#         251
  C:1DA8H         LINE#         252
  C:1DADH         LINE#         253
  C:1DB6H         LINE#         254
  C:1DC8H         LINE#         255
  C:1DE0H         LINE#         256
  C:1DF2H         LINE#         257
  C:1DFEH         LINE#         258
  C:1E09H         LINE#         259
  C:1E19H         LINE#         260
  C:1E28H         LINE#         261
  C:1E32H         LINE#         262
  C:1E4DH         LINE#         263
  C:1E68H         LINE#         264
  C:1E6AH         LINE#         265
  C:1E6CH         LINE#         266
  C:1E82H         LINE#         267
  C:1E8BH         LINE#         268
  C:1E90H         LINE#         269
  C:1E93H         LINE#         270
  C:1E93H         LINE#         271
  C:1EABH         LINE#         272
  C:1EADH         LINE#         273
  -------         ENDPROC       FN8051SYS_SAV_MODE
  -------         PROC          FN8051SYS_RQS_MODE
  -------         DO            
  D:0027H         SYMBOL        relaystatus
  D:0028H         SYMBOL        i
  D:0029H         SYMBOL        time
  -------         ENDDO         
  C:1C98H         LINE#         274
  C:1C98H         LINE#         277
  C:1C9EH         LINE#         278
  C:1CA1H         LINE#         279
  C:1CA4H         LINE#         280
  C:1CA7H         LINE#         281
  C:1CACH         LINE#         282
  C:1CB5H         LINE#         283
  C:1CBAH         LINE#         284
  C:1CBAH         LINE#         285
  C:1CC5H         LINE#         286
  C:1CE0H         LINE#         287
  C:1CECH         LINE#         288
  C:1CF5H         LINE#         289
  C:1D02H         LINE#         290
  C:1D07H         LINE#         291
  C:1D13H         LINE#         292
BL51 BANKED LINKER/LOCATER V6.22.2.0                                                  05/16/2020  17:58:24  PAGE 18


  C:1D18H         LINE#         293
  C:1D1DH         LINE#         294
  C:1D22H         LINE#         295
  C:1D28H         LINE#         296
  C:1D33H         LINE#         297
  C:1D4EH         LINE#         298
  C:1D5AH         LINE#         299
  C:1D63H         LINE#         300
  C:1D70H         LINE#         301
  C:1D75H         LINE#         302
  C:1D81H         LINE#         303
  C:1D86H         LINE#         304
  C:1D8BH         LINE#         305
  C:1D90H         LINE#         306
  C:1D96H         LINE#         307
  C:1D9BH         LINE#         308
  C:1DA1H         LINE#         309
  C:1DA4H         LINE#         310
  C:1DA4H         LINE#         311
  -------         ENDPROC       FN8051SYS_RQS_MODE
  -------         PROC          FN8051SYS_RQC_MODE
  -------         DO            
  D:0027H         SYMBOL        TMRtime
  D:002BH         SYMBOL        i
  -------         ENDDO         
  C:1A6DH         LINE#         312
  C:1A6DH         LINE#         315
  C:1A70H         LINE#         316
  C:1AADH         LINE#         317
  C:1AB3H         LINE#         318
  C:1AB6H         LINE#         319
  C:1AB9H         LINE#         320
  C:1ABCH         LINE#         321
  C:1AC1H         LINE#         322
  C:1ACAH         LINE#         323
  C:1ACFH         LINE#         324
  C:1ACFH         LINE#         325
  C:1ADCH         LINE#         326
  C:1AE1H         LINE#         327
  C:1AF6H         LINE#         328
  C:1AFFH         LINE#         329
  C:1B0DH         LINE#         330
  C:1B12H         LINE#         331
  C:1B23H         LINE#         332
  C:1B3CH         LINE#         333
  C:1B41H         LINE#         334
  C:1B45H         LINE#         335
  C:1B4EH         LINE#         336
  C:1B5AH         LINE#         337
  C:1B5FH         LINE#         338
  C:1B68H         LINE#         339
  C:1B74H         LINE#         340
  C:1B79H         LINE#         341
  C:1B7FH         LINE#         342
  C:1B84H         LINE#         343
  C:1B87H         LINE#         344
  C:1B87H         LINE#         346
BL51 BANKED LINKER/LOCATER V6.22.2.0                                                  05/16/2020  17:58:24  PAGE 19


  -------         ENDPROC       FN8051SYS_RQC_MODE
  -------         PROC          FN8051SYS_RQA_MODE
  C:2DF5H         LINE#         347
  C:2DF5H         LINE#         348
  C:2DF8H         LINE#         349
  C:2DFBH         LINE#         350
  C:2DFEH         LINE#         351
  C:2E03H         LINE#         352
  C:2E0CH         LINE#         353
  C:2E11H         LINE#         354
  C:2E14H         LINE#         355
  C:2E17H         LINE#         356
  -------         ENDPROC       FN8051SYS_RQA_MODE
  -------         PROC          FN8051SYS_JOIN_MODE
  C:2F06H         LINE#         358
  C:2F06H         LINE#         359
  C:2F0BH         LINE#         360
  C:2F15H         LINE#         362
  C:2F15H         LINE#         363
  C:2F1AH         LINE#         364
  C:2F1FH         LINE#         365
  C:2F1FH         LINE#         366
  C:2F1FH         LINE#         368
  C:2F1FH         LINE#         369
  -------         ENDPROC       FN8051SYS_JOIN_MODE
  -------         PROC          FN8051SYS_DISPLAY_MODE
  -------         DO            
  D:0027H         SYMBOL        VADC
  D:002BH         SYMBOL        DISPLAY_INDICATOR
  D:002CH         SYMBOL        HOLD_DT
  D:002DH         SYMBOL        BUTTON_ENCODE
  B:0020H.5       SYMBOL        TRACKING
  -------         ENDDO         
  C:1161H         LINE#         370
  C:1161H         LINE#         372
  C:1166H         LINE#         374
  C:1168H         LINE#         375
  C:116AH         LINE#         376
  C:1170H         LINE#         377
  C:1176H         LINE#         378
  C:117DH         LINE#         379
  C:1182H         LINE#         380
  C:1187H         LINE#         381
  C:118BH         LINE#         382
  C:118EH         LINE#         383
  C:1196H         LINE#         384
  C:11A3H         LINE#         385
  C:11A8H         LINE#         386
  C:11B5H         LINE#         387
  C:11BAH         LINE#         388
  C:11C7H         LINE#         389
  C:11C9H         LINE#         390
  C:11CFH         LINE#         391
  C:11D7H         LINE#         393
  C:11DEH         LINE#         396
  C:11E4H         LINE#         397
  C:11ECH         LINE#         399
BL51 BANKED LINKER/LOCATER V6.22.2.0                                                  05/16/2020  17:58:24  PAGE 20


  C:11F7H         LINE#         400
  C:11FEH         LINE#         401
  C:1200H         LINE#         402
  C:1206H         LINE#         403
  C:1214H         LINE#         404
  C:1219H         LINE#         406
  C:1219H         LINE#         407
  C:121BH         LINE#         408
  C:1221H         LINE#         409
  C:1230H         LINE#         410
  C:1238H         LINE#         412
  C:1245H         LINE#         413
  C:1245H         LINE#         414
  C:1248H         LINE#         415
  C:124DH         LINE#         416
  C:1254H         LINE#         417
  C:125AH         LINE#         418
  C:125CH         LINE#         419
  C:126AH         LINE#         420
  C:126CH         LINE#         421
  C:126CH         LINE#         422
  C:126EH         LINE#         423
  C:1273H         LINE#         424
  C:1273H         LINE#         425
  C:1273H         LINE#         426
  C:1275H         LINE#         427
  C:1282H         LINE#         428
  C:1284H         LINE#         429
  C:128FH         LINE#         430
  C:1292H         LINE#         431
  C:1292H         LINE#         432
  C:1294H         LINE#         433
  C:1296H         LINE#         434
  C:12A3H         LINE#         435
  C:12A5H         LINE#         436
  C:12BCH         LINE#         437
  C:12BFH         LINE#         438
  C:12BFH         LINE#         439
  C:12C4H         LINE#         440
  C:12C6H         LINE#         441
  C:12D5H         LINE#         442
  C:12EDH         LINE#         443
  C:12EFH         LINE#         444
  C:12F2H         LINE#         445
  C:12F7H         LINE#         446
  C:12F9H         LINE#         447
  C:1304H         LINE#         448
  C:1307H         LINE#         449
  C:1308H         LINE#         450
  C:1308H         LINE#         451
  C:1308H         LINE#         452
  C:130DH         LINE#         453
  C:1310H         LINE#         454
  C:1312H         LINE#         455
  C:1314H         LINE#         456
  C:1316H         LINE#         457
  C:1316H         LINE#         458
BL51 BANKED LINKER/LOCATER V6.22.2.0                                                  05/16/2020  17:58:24  PAGE 21


  C:131BH         LINE#         459
  C:131BH         LINE#         460
  C:131EH         LINE#         461
  C:131EH         LINE#         462
  C:131EH         LINE#         463
  C:1320H         LINE#         464
  -------         ENDPROC       FN8051SYS_DISPLAY_MODE
  -------         PROC          FN8051SYS_MENU_MODE
  -------         DO            
  D:0027H         SYMBOL        DISPLAY_INDICATOR
  D:0028H         SYMBOL        STRING_LEN
  D:0029H         SYMBOL        HOLD_DT
  D:002AH         SYMBOL        BUTTON_ENCODE
  -------         ENDDO         
  C:1943H         LINE#         465
  C:1943H         LINE#         466
  C:1948H         LINE#         468
  C:194CH         LINE#         469
  C:1951H         LINE#         470
  C:1955H         LINE#         471
  C:1958H         LINE#         472
  C:1963H         LINE#         473
  C:196BH         LINE#         474
  C:196FH         LINE#         475
  C:196FH         LINE#         476
  C:196FH         LINE#         477
  C:1971H         LINE#         478
  C:1977H         LINE#         479
  C:197AH         LINE#         480
  C:1985H         LINE#         481
  C:198DH         LINE#         482
  C:1991H         LINE#         483
  C:1991H         LINE#         484
  C:1991H         LINE#         485
  C:1993H         LINE#         486
  C:1999H         LINE#         487
  C:199CH         LINE#         488
  C:19A7H         LINE#         489
  C:19AFH         LINE#         490
  C:19BAH         LINE#         491
  C:19BCH         LINE#         492
  C:19BCH         LINE#         493
  C:19BCH         LINE#         494
  C:19BFH         LINE#         495
  C:19C4H         LINE#         496
  C:19CCH         LINE#         497
  C:19D2H         LINE#         498
  C:19D4H         LINE#         499
  C:19E2H         LINE#         500
  C:19E4H         LINE#         501
  C:19E6H         LINE#         502
  C:19F3H         LINE#         503
  C:19F5H         LINE#         504
  C:19FDH         LINE#         505
  C:1A02H         LINE#         506
  C:1A04H         LINE#         507
  C:1A13H         LINE#         508
BL51 BANKED LINKER/LOCATER V6.22.2.0                                                  05/16/2020  17:58:24  PAGE 22


  C:1A15H         LINE#         509
  C:1A2DH         LINE#         510
  C:1A2FH         LINE#         511
  C:1A32H         LINE#         512
  C:1A37H         LINE#         513
  C:1A39H         LINE#         514
  C:1A44H         LINE#         515
  C:1A44H         LINE#         516
  C:1A44H         LINE#         517
  C:1A44H         LINE#         518
  C:1A48H         LINE#         519
  C:1A4BH         LINE#         520
  C:1A4BH         LINE#         521
  C:1A4BH         LINE#         522
  C:1A51H         LINE#         523
  C:1A54H         LINE#         524
  C:1A54H         LINE#         525
  C:1A54H         LINE#         526
  C:1A5AH         LINE#         527
  C:1A5DH         LINE#         528
  C:1A5DH         LINE#         529
  C:1A5DH         LINE#         530
  C:1A63H         LINE#         531
  C:1A66H         LINE#         532
  C:1A66H         LINE#         533
  C:1A66H         LINE#         534
  C:1A6AH         LINE#         536
  C:1A6AH         LINE#         537
  C:1A6AH         LINE#         538
  C:1A6AH         LINE#         539
  C:1A6CH         LINE#         540
  -------         ENDPROC       FN8051SYS_MENU_MODE
  -------         PROC          __DISPLAY_FUNC_
  D:0033H         SYMBOL        mode
  -------         DO            
  D:0034H         SYMBOL        i
  -------         ENDDO         
  C:0800H         LINE#         541
  C:0802H         LINE#         542
  C:0805H         LINE#         543
  C:080AH         LINE#         544
  C:080FH         LINE#         545
  C:0816H         LINE#         546
  C:081EH         LINE#         547
  C:0827H         LINE#         548
  C:082FH         LINE#         549
  C:0838H         LINE#         550
  C:083FH         LINE#         551
  C:0844H         LINE#         552
  C:0852H         LINE#         553
  C:0859H         LINE#         554
  C:0868H         LINE#         555
  C:0871H         LINE#         556
  C:087EH         LINE#         557
  C:0883H         LINE#         558
  C:0892H         LINE#         559
  C:0897H         LINE#         560
BL51 BANKED LINKER/LOCATER V6.22.2.0                                                  05/16/2020  17:58:24  PAGE 23


  C:089BH         LINE#         561
  C:08A3H         LINE#         562
  C:08ACH         LINE#         563
  C:08B4H         LINE#         564
  C:08BDH         LINE#         565
  C:08C5H         LINE#         566
  C:08CEH         LINE#         567
  C:08D6H         LINE#         568
  C:08DFH         LINE#         569
  C:08E7H         LINE#         570
  C:08EDH         LINE#         571
  C:08EFH         LINE#         572
  C:08F7H         LINE#         573
  C:08FCH         LINE#         574
  C:0903H         LINE#         575
  C:090BH         LINE#         576
  C:0914H         LINE#         577
  C:091CH         LINE#         578
  C:0925H         LINE#         579
  C:092DH         LINE#         580
  C:0936H         LINE#         581
  C:093EH         LINE#         582
  C:0947H         LINE#         583
  C:094FH         LINE#         584
  C:0958H         LINE#         585
  C:0960H         LINE#         586
  C:0969H         LINE#         587
  C:0971H         LINE#         588
  C:097AH         LINE#         589
  C:0982H         LINE#         590
  C:098BH         LINE#         591
  C:0993H         LINE#         592
  C:0999H         LINE#         593
  C:099BH         LINE#         594
  C:09A1H         LINE#         595
  C:09A6H         LINE#         596
  C:09AEH         LINE#         597
  C:09B7H         LINE#         598
  C:09BFH         LINE#         599
  C:09C8H         LINE#         600
  C:09D0H         LINE#         601
  C:09D9H         LINE#         602
  C:09D9H         LINE#         603
  C:09DFH         LINE#         604
  C:09E4H         LINE#         605
  C:09ECH         LINE#         606
  C:09F5H         LINE#         607
  C:09FDH         LINE#         608
  C:0A02H         LINE#         609
  C:0A02H         LINE#         610
  C:0A0AH         LINE#         611
  C:0A0FH         LINE#         612
  C:0A16H         LINE#         613
  C:0A1EH         LINE#         614
  C:0A27H         LINE#         615
  C:0A2FH         LINE#         616
  C:0A38H         LINE#         617
BL51 BANKED LINKER/LOCATER V6.22.2.0                                                  05/16/2020  17:58:24  PAGE 24


  C:0A40H         LINE#         618
  C:0A49H         LINE#         619
  C:0A51H         LINE#         620
  C:0A5AH         LINE#         621
  C:0A62H         LINE#         622
  C:0A67H         LINE#         623
  C:0A6FH         LINE#         624
  C:0A74H         LINE#         625
  C:0A7CH         LINE#         626
  C:0A81H         LINE#         627
  C:0A89H         LINE#         628
  C:0A8EH         LINE#         629
  C:0A93H         LINE#         630
  C:0A93H         LINE#         631
  C:0A95H         LINE#         632
  C:0A9BH         LINE#         633
  C:0AA0H         LINE#         634
  C:0AA7H         LINE#         635
  C:0AAFH         LINE#         636
  C:0AB8H         LINE#         637
  C:0AC0H         LINE#         638
  C:0AC5H         LINE#         639
  C:0ACDH         LINE#         640
  C:0AD2H         LINE#         641
  C:0ADAH         LINE#         642
  C:0ADFH         LINE#         643
  C:0AE7H         LINE#         644
  C:0AECH         LINE#         645
  C:0AF4H         LINE#         646
  C:0AF9H         LINE#         647
  C:0AF9H         LINE#         648
  -------         ENDPROC       __DISPLAY_FUNC_
  -------         PROC          FN8051SYS_SETUP_MODE
  -------         DO            
  D:002BH         SYMBOL        BUTTON_ENCODE
  D:002CH         SYMBOL        DISPLAY_INDICATOR
  D:002DH         SYMBOL        buffervalue
  D:002EH         SYMBOL        HOLD_DT
  B:0020H.5       SYMBOL        USING_MODE
  -------         ENDDO         
  C:0D9BH         LINE#         649
  C:0D9BH         LINE#         651
  C:0DA2H         LINE#         652
  C:0DA4H         LINE#         653
  C:0DA9H         LINE#         654
  C:0DAEH         LINE#         655
  C:0DB1H         LINE#         656
  C:0DB6H         LINE#         657
  C:0DBAH         LINE#         658
  C:0DCBH         LINE#         659
  C:0DD0H         LINE#         660
  C:0DD0H         LINE#         661
  C:0DD8H         LINE#         662
  C:0DDBH         LINE#         663
  C:0DE1H         LINE#         664
  C:0DE3H         LINE#         665
  C:0DE6H         LINE#         666
BL51 BANKED LINKER/LOCATER V6.22.2.0                                                  05/16/2020  17:58:24  PAGE 25


  C:0DEFH         LINE#         667
  C:0DEFH         LINE#         668
  C:0DEFH         LINE#         669
  C:0DF5H         LINE#         670
  C:0DFAH         LINE#         671
  C:0E03H         LINE#         672
  C:0E16H         LINE#         673
  C:0E1CH         LINE#         674
  C:0E2DH         LINE#         675
  C:0E35H         LINE#         676
  C:0E35H         LINE#         677
  C:0E3DH         LINE#         678
  C:0E4BH         LINE#         679
  C:0E59H         LINE#         680
  C:0E68H         LINE#         681
  C:0E6BH         LINE#         682
  C:0E6BH         LINE#         683
  C:0E6EH         LINE#         684
  C:0E73H         LINE#         685
  C:0E7CH         LINE#         686
  C:0E7FH         LINE#         687
  C:0E92H         LINE#         688
  C:0E98H         LINE#         689
  C:0EA9H         LINE#         690
  C:0EB1H         LINE#         691
  C:0EB1H         LINE#         692
  C:0EB9H         LINE#         693
  C:0ECAH         LINE#         694
  C:0ED5H         LINE#         695
  C:0ED8H         LINE#         696
  C:0ED8H         LINE#         697
  C:0EDDH         LINE#         698
  C:0EECH         LINE#         699
  C:0F04H         LINE#         700
  C:0F06H         LINE#         701
  C:0F09H         LINE#         702
  C:0F0EH         LINE#         703
  C:0F10H         LINE#         704
  C:0F1BH         LINE#         705
  C:0F1BH         LINE#         706
  C:0F1BH         LINE#         707
  C:0F1BH         LINE#         708
  C:0F1DH         LINE#         709
  C:0F2AH         LINE#         710
  C:0F2DH         LINE#         711
  C:0F2DH         LINE#         712
  C:0F2DH         LINE#         719
  C:0F2FH         LINE#         720
  C:0F33H         LINE#         721
  C:0F3BH         LINE#         722
  C:0F44H         LINE#         723
  C:0F4CH         LINE#         724
  C:0F55H         LINE#         725
  C:0F5DH         LINE#         726
  C:0F62H         LINE#         727
  C:0F6CH         LINE#         728
  C:0F74H         LINE#         729
BL51 BANKED LINKER/LOCATER V6.22.2.0                                                  05/16/2020  17:58:24  PAGE 26


  C:0F7BH         LINE#         730
  C:0F82H         LINE#         731
  C:0F86H         LINE#         732
  C:0F99H         LINE#         733
  C:0F99H         LINE#         734
  -------         ENDPROC       FN8051SYS_SETUP_MODE
  -------         PROC          FN8051SYS_RELAYSET_MODE
  -------         DO            
  D:002BH         SYMBOL        HOLD_DT
  D:002CH         SYMBOL        RELAYNUM
  D:0007H         SYMBOL        BUTTON_ENCODE
  B:0020H.5       SYMBOL        RELAYSTATUS
  -------         ENDDO         
  C:20E3H         LINE#         735
  C:20E3H         LINE#         736
  C:20E8H         LINE#         739
  C:20EDH         LINE#         740
  C:20F2H         LINE#         741
  C:20F4H         LINE#         742
  C:20F7H         LINE#         743
  C:2100H         LINE#         744
  C:210CH         LINE#         745
  C:2111H         LINE#         746
  C:211CH         LINE#         747
  C:2124H         LINE#         748
  C:2126H         LINE#         749
  C:2132H         LINE#         750
  C:2149H         LINE#         751
  C:214BH         LINE#         752
  C:214DH         LINE#         753
  C:2150H         LINE#         754
  C:2152H         LINE#         755
  C:215DH         LINE#         756
  C:215DH         LINE#         757
  C:215DH         LINE#         758
  C:215DH         LINE#         759
  C:216AH         LINE#         760
  C:2174H         LINE#         761
  C:2179H         LINE#         762
  C:2179H         LINE#         763
  C:2179H         LINE#         764
  C:2181H         LINE#         765
  C:2188H         LINE#         766
  C:2190H         LINE#         767
  C:219BH         LINE#         768
  C:21A7H         LINE#         769
  C:21B4H         LINE#         770
  C:21C0H         LINE#         771
  C:21C2H         LINE#         772
  -------         ENDPROC       FN8051SYS_RELAYSET_MODE
  -------         PROC          FN8051SYS_SAVONBOARD_MODE
  -------         DO            
  D:002BH         SYMBOL        RELAYNUM
  D:002CH         SYMBOL        buttonsum
  D:002DH         SYMBOL        DISPLAY_INDICATOR
  D:002EH         SYMBOL        BUFFER
  D:002FH         SYMBOL        HOLD_DT
BL51 BANKED LINKER/LOCATER V6.22.2.0                                                  05/16/2020  17:58:24  PAGE 27


  D:0030H         SYMBOL        BUTTON_ENCODE
  D:0031H         SYMBOL        ENCODEDTIME
  B:0020H.5       SYMBOL        RELAYSTATUS
  B:0020H.6       SYMBOL        SAVEMODE
  -------         ENDDO         
  C:0AFAH         LINE#         773
  C:0AFAH         LINE#         774
  C:0B05H         LINE#         776
  C:0B09H         LINE#         777
  C:0B0DH         LINE#         778
  C:0B0FH         LINE#         779
  C:0B14H         LINE#         780
  C:0B18H         LINE#         781
  C:0B23H         LINE#         782
  C:0B26H         LINE#         783
  C:0B2EH         LINE#         784
  C:0B33H         LINE#         785
  C:0B3BH         LINE#         786
  C:0B3DH         LINE#         787
  C:0B3FH         LINE#         788
  C:0B3FH         LINE#         789
  C:0B47H         LINE#         790
  C:0B4CH         LINE#         791
  C:0B54H         LINE#         792
  C:0B59H         LINE#         793
  C:0B59H         LINE#         794
  C:0B5BH         LINE#         795
  C:0B61H         LINE#         796
  C:0B69H         LINE#         797
  C:0B6EH         LINE#         798
  C:0B73H         LINE#         799
  C:0B76H         LINE#         800
  C:0B78H         LINE#         801
  C:0B7EH         LINE#         802
  C:0B86H         LINE#         803
  C:0B8BH         LINE#         804
  C:0B96H         LINE#         805
  C:0BA1H         LINE#         806
  C:0BA8H         LINE#         807
  C:0BAAH         LINE#         808
  C:0BB0H         LINE#         809
  C:0BB5H         LINE#         810
  C:0BBAH         LINE#         811
  C:0BC2H         LINE#         812
  C:0BD5H         LINE#         813
  C:0BDCH         LINE#         814
  C:0BE1H         LINE#         815
  C:0BE6H         LINE#         816
  C:0BF5H         LINE#         817
  C:0BF7H         LINE#         818
  C:0BFDH         LINE#         819
  C:0C05H         LINE#         820
  C:0C18H         LINE#         821
  C:0C1FH         LINE#         822
  C:0C24H         LINE#         823
  C:0C29H         LINE#         824
  C:0C35H         LINE#         825
BL51 BANKED LINKER/LOCATER V6.22.2.0                                                  05/16/2020  17:58:24  PAGE 28


  C:0C37H         LINE#         826
  C:0C3DH         LINE#         827
  C:0C45H         LINE#         828
  C:0C58H         LINE#         829
  C:0C5FH         LINE#         830
  C:0C64H         LINE#         831
  C:0C69H         LINE#         832
  C:0C76H         LINE#         833
  C:0C78H         LINE#         834
  C:0C7EH         LINE#         835
  C:0C86H         LINE#         836
  C:0C99H         LINE#         837
  C:0CA0H         LINE#         838
  C:0CA5H         LINE#         839
  C:0CAAH         LINE#         840
  C:0CB5H         LINE#         841
  C:0CB5H         LINE#         842
  C:0CB8H         LINE#         843
  C:0CBDH         LINE#         844
  C:0CC7H         LINE#         845
  C:0CCDH         LINE#         846
  C:0CCFH         LINE#         847
  C:0CD1H         LINE#         848
  C:0CD7H         LINE#         849
  C:0CD9H         LINE#         850
  C:0CDBH         LINE#         851
  C:0CE3H         LINE#         852
  C:0CFBH         LINE#         853
  C:0CFDH         LINE#         854
  C:0D00H         LINE#         855
  C:0D05H         LINE#         856
  C:0D07H         LINE#         857
  C:0D14H         LINE#         858
  C:0D14H         LINE#         859
  C:0D14H         LINE#         860
  C:0D14H         LINE#         861
  C:0D17H         LINE#         862
  C:0D19H         LINE#         863
  C:0D1BH         LINE#         864
  C:0D27H         LINE#         865
  C:0D2CH         LINE#         866
  C:0D2EH         LINE#         867
  C:0D36H         LINE#         868
  C:0D39H         LINE#         869
  C:0D3CH         LINE#         870
  C:0D5BH         LINE#         871
  C:0D5BH         LINE#         872
  C:0D69H         LINE#         873
  C:0D6CH         LINE#         874
  C:0D71H         LINE#         875
  C:0D76H         LINE#         876
  C:0D7EH         LINE#         877
  C:0D87H         LINE#         878
  C:0D8CH         LINE#         879
  C:0D93H         LINE#         880
  C:0D98H         LINE#         881
  C:0D98H         LINE#         882
BL51 BANKED LINKER/LOCATER V6.22.2.0                                                  05/16/2020  17:58:24  PAGE 29


  C:0D98H         LINE#         883
  C:0D98H         LINE#         884
  C:0D9AH         LINE#         885
  -------         ENDPROC       FN8051SYS_SAVONBOARD_MODE
  -------         PROC          FN8051SYS_TIMESET_MODE
  -------         DO            
  D:002BH         SYMBOL        HOUR
  D:002CH         SYMBOL        MINUTE
  D:002DH         SYMBOL        HOLD_DT
  D:002EH         SYMBOL        DISPLAY_INDICATOR
  D:002FH         SYMBOL        BUFFER
  D:0030H         SYMBOL        BUTTON_ENCODE
  -------         ENDDO         
  C:1321H         LINE#         886
  C:1321H         LINE#         887
  C:132CH         LINE#         888
  C:132EH         LINE#         889
  C:1333H         LINE#         890
  C:1338H         LINE#         891
  C:133DH         LINE#         892
  C:1342H         LINE#         893
  C:1346H         LINE#         894
  C:134EH         LINE#         895
  C:1361H         LINE#         896
  C:1368H         LINE#         897
  C:136DH         LINE#         898
  C:1372H         LINE#         899
  C:137AH         LINE#         900
  C:137CH         LINE#         901
  C:1382H         LINE#         902
  C:138AH         LINE#         903
  C:139DH         LINE#         904
  C:13A4H         LINE#         905
  C:13A9H         LINE#         906
  C:13AEH         LINE#         907
  C:13B4H         LINE#         908
  C:13B6H         LINE#         909
  C:13BCH         LINE#         910
  C:13C4H         LINE#         911
  C:13D7H         LINE#         912
  C:13DEH         LINE#         913
  C:13E3H         LINE#         914
  C:13E8H         LINE#         915
  C:13F0H         LINE#         916
  C:13F2H         LINE#         917
  C:13F8H         LINE#         918
  C:1400H         LINE#         919
  C:1413H         LINE#         920
  C:141AH         LINE#         921
  C:141FH         LINE#         922
  C:1424H         LINE#         923
  C:142AH         LINE#         924
  C:142AH         LINE#         925
  C:142DH         LINE#         926
  C:1432H         LINE#         927
  C:143CH         LINE#         928
  C:1442H         LINE#         929
BL51 BANKED LINKER/LOCATER V6.22.2.0                                                  05/16/2020  17:58:24  PAGE 30


  C:1444H         LINE#         930
  C:1446H         LINE#         931
  C:144CH         LINE#         932
  C:144EH         LINE#         933
  C:1450H         LINE#         934
  C:1458H         LINE#         935
  C:1470H         LINE#         936
  C:1472H         LINE#         937
  C:1475H         LINE#         938
  C:147AH         LINE#         939
  C:147CH         LINE#         940
  C:1487H         LINE#         941
  C:148CH         LINE#         942
  C:148CH         LINE#         943
  C:148CH         LINE#         944
  C:148CH         LINE#         945
  C:148FH         LINE#         946
  C:1491H         LINE#         947
  C:1493H         LINE#         948
  C:149BH         LINE#         949
  C:14A0H         LINE#         950
  C:14A5H         LINE#         951
  C:14ADH         LINE#         952
  C:14B6H         LINE#         953
  C:14BAH         LINE#         954
  C:14BDH         LINE#         955
  C:14C0H         LINE#         956
  C:14C5H         LINE#         957
  C:14C5H         LINE#         958
  C:14C5H         LINE#         959
  C:14C5H         LINE#         960
  C:14C5H         LINE#         961
  C:14C5H         LINE#         962
  -------         ENDPROC       FN8051SYS_TIMESET_MODE
  -------         PROC          FN8051DS1307READTIME
  C:2C70H         LINE#         963
  C:2C70H         LINE#         964
  C:2C7FH         LINE#         965
  C:2C8EH         LINE#         966
  C:2C9DH         LINE#         967
  -------         ENDPROC       FN8051DS1307READTIME
  -------         PROC          FN8051DS1307WRITETIME
  C:2CCCH         LINE#         968
  C:2CCCH         LINE#         969
  C:2CDBH         LINE#         970
  C:2CEAH         LINE#         971
  -------         ENDPROC       FN8051DS1307WRITETIME
  -------         PROC          _FN8051UARTSENDCHAR
  D:0007H         SYMBOL        BUFFER
  C:2FD6H         LINE#         973
  C:2FD6H         LINE#         974
  C:2FD8H         LINE#         975
  C:2FDBH         LINE#         976
  -------         ENDPROC       _FN8051UARTSENDCHAR
  C:2C9EH         SYMBOL        L?0468
  -------         PROC          L?0467
  -------         ENDPROC       L?0467
BL51 BANKED LINKER/LOCATER V6.22.2.0                                                  05/16/2020  17:58:24  PAGE 31


  C:2C9EH         SYMBOL        L?0468
  -------         PROC          _FN8051UARTSENDSTRING
  D:002CH         SYMBOL        StringToSend
  -------         DO            
  D:0006H         SYMBOL        LengthOfString
  D:0005H         SYMBOL        i
  -------         ENDDO         
  C:2CA4H         LINE#         978
  C:2CAAH         LINE#         980
  C:2CAFH         LINE#         981
  C:2CB6H         LINE#         982
  C:2CC8H         LINE#         983
  C:2CCBH         LINE#         984
  -------         ENDPROC       _FN8051UARTSENDSTRING
  -------         PROC          FN8051SYSRESETALLFLAG
  C:2F92H         LINE#         985
  C:2F92H         LINE#         986
  C:2F99H         LINE#         987
  C:2F9FH         LINE#         988
  C:2FA1H         LINE#         989
  C:2FA3H         LINE#         990
  C:2FA5H         LINE#         991
  -------         ENDPROC       FN8051SYSRESETALLFLAG
  C:2000H         SYMBOL        L?0465
  C:2002H         SYMBOL        L?0466
  -------         PROC          L?0464
  -------         ENDPROC       L?0464
  C:2000H         SYMBOL        L?0465
  C:2002H         SYMBOL        L?0466
  -------         PROC          _FN8051UARTSENDNUMBER
  D:0034H         SYMBOL        Number
  B:0020H.7       SYMBOL        mode
  -------         DO            
  D:0038H         SYMBOL        i
  D:0039H         SYMBOL        TEMP
  -------         ENDDO         
  C:2008H         LINE#         992
  C:2010H         LINE#         993
  C:2013H         LINE#         994
  C:2028H         LINE#         995
  C:202FH         LINE#         996
  C:2031H         LINE#         997
  C:2033H         LINE#         998
  C:204AH         LINE#         999
  C:204FH         LINE#         1000
  C:2051H         LINE#         1001
  C:2053H         LINE#         1002
  C:2053H         LINE#         1003
  C:2064H         LINE#         1004
  C:2066H         LINE#         1005
  C:2068H         LINE#         1006
  C:206AH         LINE#         1007
  C:2075H         LINE#         1008
  C:208DH         LINE#         1009
  C:20BCH         LINE#         1010
  C:20C9H         LINE#         1011
  C:20CEH         LINE#         1012
BL51 BANKED LINKER/LOCATER V6.22.2.0                                                  05/16/2020  17:58:24  PAGE 32


  C:20D2H         LINE#         1013
  C:20DDH         LINE#         1014
  C:20E2H         LINE#         1015
  C:20E2H         LINE#         1016
  -------         ENDPROC       _FN8051UARTSENDNUMBER
  -------         PROC          _FN8051UARTSENDFLOAT
  D:002EH         SYMBOL        Number
  B:0020H.6       SYMBOL        mode
  -------         DO            
  D:0032H         SYMBOL        Nguyen
  D:0033H         SYMBOL        Tphan
  -------         ENDDO         
  C:298CH         LINE#         1017
  C:2994H         LINE#         1020
  C:2999H         LINE#         1021
  C:29C1H         LINE#         1022
  C:29C6H         LINE#         1023
  C:29C9H         LINE#         1024
  C:29CEH         LINE#         1025
  C:29D9H         LINE#         1026
  C:29D9H         LINE#         1027
  C:29D9H         LINE#         1028
  C:29DCH         LINE#         1029
  C:29E1H         LINE#         1030
  C:29E6H         LINE#         1031
  C:29E6H         LINE#         1032
  -------         ENDPROC       _FN8051UARTSENDFLOAT
  C:2A3FH         SYMBOL        L?0470
  -------         PROC          L?0469
  -------         ENDPROC       L?0469
  C:2A3FH         SYMBOL        L?0470
  -------         PROC          _POW
  D:003AH         SYMBOL        number
  D:003BH         SYMBOL        times
  -------         DO            
  D:003CH         SYMBOL        i
  D:003DH         SYMBOL        pownumber
  -------         ENDDO         
  C:2A43H         LINE#         1033
  C:2A47H         LINE#         1034
  C:2A4AH         LINE#         1035
  C:2A53H         LINE#         1036
  C:2A69H         LINE#         1037
  C:2A85H         LINE#         1038
  C:2A89H         LINE#         1039
  C:2A91H         LINE#         1040
  -------         ENDPROC       _POW
  -------         PROC          _FN8051_BUZZER_
  D:0033H         SYMBOL        mode
  C:2C41H         LINE#         1041
  C:2C43H         LINE#         1042
  C:2C46H         LINE#         1043
  C:2C48H         LINE#         1044
  C:2C4EH         LINE#         1045
  C:2C50H         LINE#         1046
  C:2C57H         LINE#         1047
  C:2C59H         LINE#         1048
BL51 BANKED LINKER/LOCATER V6.22.2.0                                                  05/16/2020  17:58:24  PAGE 33


  C:2C5DH         LINE#         1049
  C:2C5DH         LINE#         1050
  C:2C5FH         LINE#         1051
  C:2C65H         LINE#         1052
  C:2C67H         LINE#         1053
  C:2C6DH         LINE#         1054
  C:2C6FH         LINE#         1055
  C:2C6FH         LINE#         1056
  -------         ENDPROC       _FN8051_BUZZER_
  -------         PROC          _FN8051SYSTIMEENCODE
  D:0033H         SYMBOL        TimeSet
  D:0035H         SYMBOL        RelayStatus
  D:0036H         SYMBOL        RelayNum
  -------         DO            
  D:0037H         SYMBOL        Hour
  D:0038H         SYMBOL        Min
  -------         ENDDO         
  C:0742H         LINE#         1057
  C:074AH         LINE#         1059
  C:0755H         LINE#         1060
  C:0761H         LINE#         1061
  C:0761H         LINE#         1062
  C:076EH         LINE#         1063
  C:077BH         LINE#         1064
  C:0781H         LINE#         1065
  C:078EH         LINE#         1066
  C:0790H         LINE#         1067
  C:079DH         LINE#         1068
  C:07A0H         LINE#         1069
  C:07ABH         LINE#         1070
  C:07AEH         LINE#         1071
  C:07BAH         LINE#         1072
  C:07BBH         LINE#         1073
  C:07C1H         LINE#         1074
  C:07CEH         LINE#         1075
  C:07D0H         LINE#         1076
  C:07DDH         LINE#         1077
  C:07E0H         LINE#         1078
  C:07EBH         LINE#         1079
  C:07EEH         LINE#         1080
  C:07FAH         LINE#         1081
  C:07FAH         LINE#         1082
  -------         ENDPROC       _FN8051SYSTIMEENCODE
  -------         PROC          _FN8051SYSRELAYTIMINGCHECK
  D:0007H         SYMBOL        i
  C:2B5DH         LINE#         1083
  C:2B5DH         LINE#         1085
  C:2B6AH         LINE#         1086
  C:2B74H         LINE#         1087
  C:2B7EH         LINE#         1088
  C:2B7EH         LINE#         1089
  C:2B7EH         LINE#         1090
  C:2B86H         LINE#         1091
  C:2B91H         LINE#         1092
  C:2B9BH         LINE#         1093
  C:2B9BH         LINE#         1094
  C:2B9BH         LINE#         1095
BL51 BANKED LINKER/LOCATER V6.22.2.0                                                  05/16/2020  17:58:24  PAGE 34


  -------         ENDPROC       _FN8051SYSRELAYTIMINGCHECK
  -------         PROC          _FN8051EPROMWRITE
  D:0006H         SYMBOL        vri8051APROMADDR
  D:0005H         SYMBOL        vruc8051DATA
  B:0020H.7       SYMBOL        vrb8051ARPORMSAVEPAGE
  -------         DO            
  D:0002H         SYMBOL        vri8051APROMPAGEADR
  -------         ENDDO         
  C:1FB2H         LINE#         1096
  C:1FB2H         LINE#         1098
  C:1FB5H         LINE#         1099
  C:1FB9H         LINE#         1100
  C:1FBBH         LINE#         1101
  C:1FBEH         LINE#         1102
  C:1FC2H         LINE#         1103
  C:1FC2H         LINE#         1104
  C:1FC4H         LINE#         1105
  C:1FC7H         LINE#         1106
  C:1FCAH         LINE#         1107
  C:1FCDH         LINE#         1108
  C:1FD0H         LINE#         1109
  C:1FD3H         LINE#         1110
  C:1FD6H         LINE#         1111
  C:1FD9H         LINE#         1112
  C:1FDDH         LINE#         1113
  C:1FE0H         LINE#         1114
  C:1FE2H         LINE#         1115
[...]
  C:2E76H         LINE#         34
  C:2E7AH         LINE#         35
  C:2E80H         LINE#         36
  C:2E82H         LINE#         37
  C:2E85H         LINE#         38
  C:2E85H         LINE#         39
  -------         ENDPROC       FN8051I2CREAD
  -------         PROC          FN8051I2CACKWAIT
  C:2FBDH         LINE#         40
  C:2FBDH         LINE#         41
  C:2FBFH         LINE#         42
  C:2FC1H         LINE#         43
  C:2FC4H         LINE#         44
  C:2FC6H         LINE#         45
  -------         ENDPROC       FN8051I2CACKWAIT
  -------         ENDMOD        DEF8051SOFTI2C

  -------         MODULE        DEF8051DS1307
  C:0000H         SYMBOL        _ICE_DUMMY_
  C:2F68H         PUBLIC        fn8051DS1307Out_1Hz
  C:2A92H         PUBLIC        _fn8051DS1307Readdata
  C:2C11H         PUBLIC        _fn8051DS1307Writedata
  -------         PROC          FN8051DS1307OUT_1HZ
  C:2F68H         LINE#         4
  C:2F68H         LINE#         5
  C:2F6BH         LINE#         6
  C:2F70H         LINE#         7
  C:2F75H         LINE#         8
  C:2F7AH         LINE#         9
  -------         ENDPROC       FN8051DS1307OUT_1HZ
  -------         PROC          _FN8051DS1307READDATA
BL51 BANKED LINKER/LOCATER V6.22.2.0                                                  05/16/2020  17:58:24  PAGE 40


  D:0033H         SYMBOL        addr
  -------         DO            
  D:0002H         SYMBOL        temp
  D:0034H         SYMBOL        ret
  -------         ENDDO         
  C:2A92H         LINE#         11
  C:2A94H         LINE#         13
  C:2A97H         LINE#         14
  C:2A9CH         LINE#         15
  C:2AA1H         LINE#         16
  C:2AA4H         LINE#         17
  C:2AA9H         LINE#         18
  C:2AB1H         LINE#         19
  C:2AB4H         LINE#         21
  C:2AB4H         LINE#         22
  C:2AD6H         LINE#         24
  C:2AD8H         LINE#         25
  -------         ENDPROC       _FN8051DS1307READDATA
  -------         PROC          _FN8051DS1307WRITEDATA
  D:0032H         SYMBOL        addr
  D:0033H         SYMBOL        dat
  -------         DO            
  D:0006H         SYMBOL        temp
  -------         ENDDO         
  C:2C11H         LINE#         26
  C:2C15H         LINE#         29
  C:2C19H         LINE#         30
  C:2C2CH         LINE#         32
  C:2C2FH         LINE#         34
  C:2C34H         LINE#         35
  C:2C39H         LINE#         36
  C:2C3EH         LINE#         37
  -------         ENDPROC       _FN8051DS1307WRITEDATA
  -------         ENDMOD        DEF8051DS1307

  -------         MODULE        DEF8051ADCREAD
  C:0000H         SYMBOL        _ICE_DUMMY_
  D:0080H         PUBLIC        P0
  D:0090H         PUBLIC        P1
  D:00A0H         PUBLIC        P2
  D:00B0H         PUBLIC        P3
  B:00A8H.7       PUBLIC        EA
  D:00D8H         PUBLIC        PWMCON0
  C:1B88H         PUBLIC        _fn8051ADCREAD
  D:00A8H         PUBLIC        IE
  B:00E8H.7       PUBLIC        ADCF
  D:00C7H         PUBLIC        TA
  D:00B8H         PUBLIC        IP
  B:00E8H.6       PUBLIC        ADCS
  C:14C6H         PUBLIC        fn8051ADCRead_bandgap
  B:0021H.0       PUBLIC        BIT_TMP
  D:0098H         PUBLIC        SCON
  D:0088H         PUBLIC        TCON
  D:009FH         PUBLIC        CHPCON
  D:00F8H         PUBLIC        SCON_1
  D:00A4H         PUBLIC        IAPTRG
  D:00E8H         PUBLIC        ADCCON0
BL51 BANKED LINKER/LOCATER V6.22.2.0                                                  05/16/2020  17:58:24  PAGE 41


  D:00E1H         PUBLIC        ADCCON1
  D:00C0H         PUBLIC        I2CON
  D:00C3H         PUBLIC        ADCRH
  D:00A7H         PUBLIC        IAPAH
  C:2F51H         PUBLIC        fn8051ADCBypass
  D:00AEH         PUBLIC        IAPFD
  D:00C8H         PUBLIC        T2CON
  D:00C2H         PUBLIC        ADCRL
  D:00A6H         PUBLIC        IAPAL
  D:00AFH         PUBLIC        IAPCN
  D:00D0H         PUBLIC        PSW
  -------         PROC          FN8051ADCBYPASS
  -------         DO            
  D:0007H         SYMBOL        i
  -------         ENDDO         
  C:2F51H         LINE#         7
  C:2F51H         LINE#         9
  C:2F5DH         LINE#         10
  C:2F5FH         LINE#         11
  C:2F61H         LINE#         12
  C:2F64H         LINE#         13
  C:2F67H         LINE#         14
  -------         ENDPROC       FN8051ADCBYPASS
  -------         PROC          FN8051ADCREAD_BANDGAP
  -------         DO            
  D:004AH         SYMBOL        BandgapHigh
  D:004BH         SYMBOL        BandgapLow
  D:004CH         SYMBOL        BandgapMark
  D:004DH         SYMBOL        Bandgap_Value
  D:0051H         SYMBOL        ADCBandgap_Voltage
  -------         ENDDO         
  C:14C6H         LINE#         15
  C:14C6H         LINE#         18
  C:14D9H         LINE#         19
  C:14DCH         LINE#         20
  C:14DFH         LINE#         21
  C:14E2H         LINE#         22
  C:14F5H         LINE#         23
  C:14F8H         LINE#         24
  C:14FEH         LINE#         26
  C:1502H         LINE#         27
  C:1502H         LINE#         28
  C:1505H         LINE#         29
  C:1508H         LINE#         30
  C:150AH         LINE#         31
  C:151DH         LINE#         32
  C:1520H         LINE#         33
  C:153AH         LINE#         34
  C:155EH         LINE#         35
  C:155EH         LINE#         36
  C:1562H         LINE#         37
  C:1562H         LINE#         38
  C:1565H         LINE#         39
  C:1568H         LINE#         40
  C:156AH         LINE#         41
  C:157DH         LINE#         42
  C:1580H         LINE#         43
BL51 BANKED LINKER/LOCATER V6.22.2.0                                                  05/16/2020  17:58:24  PAGE 42


  C:159AH         LINE#         44
  C:15BEH         LINE#         45
  C:15BEH         LINE#         46
  C:15C4H         LINE#         47
  C:15C4H         LINE#         48
  C:15C7H         LINE#         49
  C:15C9H         LINE#         50
  C:15DCH         LINE#         51
  C:15DFH         LINE#         52
  C:15E2H         LINE#         53
  C:15E4H         LINE#         54
  C:15F7H         LINE#         55
  C:15FAH         LINE#         56
  C:15FDH         LINE#         57
  C:1617H         LINE#         58
  C:163BH         LINE#         59
  C:163BH         LINE#         60
  C:164EH         LINE#         61
  C:1656H         LINE#         62
  -------         ENDPROC       FN8051ADCREAD_BANDGAP
  -------         PROC          _FN8051ADCREAD
  D:0035H         SYMBOL        ADCchannel
  B:0020H.7       SYMBOL        return_type
  -------         DO            
  D:0036H         SYMBOL        bandgapvalue
  D:003AH         SYMBOL        VDD
  D:003EH         SYMBOL        VAIN
  D:0042H         SYMBOL        ADCvalue
  D:0046H         SYMBOL        VADC
  -------         ENDDO         
  C:1B88H         LINE#         63
  C:1B8AH         LINE#         65
  C:1B8FH         LINE#         66
  C:1B92H         LINE#         67
  C:1B95H         LINE#         68
  C:1B98H         LINE#         69
  C:1B9AH         LINE#         70
  C:1B9CH         LINE#         71
  C:1B9FH         LINE#         72
  C:1BBBH         LINE#         73
  C:1BECH         LINE#         74
  C:1BEFH         LINE#         75
  C:1BF2H         LINE#         76
  C:1BF5H         LINE#         77
  C:1BF7H         LINE#         78
  C:1BF9H         LINE#         79
  C:1BFCH         LINE#         80
  C:1C18H         LINE#         81
  C:1C2AH         LINE#         82
  C:1C45H         LINE#         83
  C:1C48H         LINE#         84
  C:1C62H         LINE#         85
  C:1C63H         LINE#         86
  C:1C63H         LINE#         87
  C:1C63H         LINE#         88
  C:1C66H         LINE#         89
  C:1C69H         LINE#         90
BL51 BANKED LINKER/LOCATER V6.22.2.0                                                  05/16/2020  17:58:24  PAGE 43


  C:1C6BH         LINE#         91
  C:1C6DH         LINE#         92
  C:1C70H         LINE#         93
  C:1C8CH         LINE#         94
  C:1C8FH         LINE#         95
  C:1C97H         LINE#         96
  C:1C97H         LINE#         97
  -------         ENDPROC       _FN8051ADCREAD
  -------         ENDMOD        DEF8051ADCREAD

  -------         MODULE        DEFDELAY16MHZ
  C:0000H         SYMBOL        _ICE_DUMMY_
  C:2EA7H         PUBLIC        _fn8051SYSDELAY
  C:2EC7H         PUBLIC        _fn8051SYSDELAYUS
  -------         PROC          _FN8051SYSDELAY
  D:0006H         SYMBOL        time
  -------         DO            
  D:0002H         SYMBOL        counter
  D:0004H         SYMBOL        counter1
  -------         ENDDO         
  C:2EA7H         LINE#         3
  C:2EA7H         LINE#         5
  C:2EB1H         LINE#         6
  C:2EB4H         LINE#         7
  C:2EBFH         LINE#         8
  C:2EC6H         LINE#         9
  -------         ENDPROC       _FN8051SYSDELAY
  -------         PROC          _FN8051SYSDELAYUS
  D:0006H         SYMBOL        time
  -------         DO            
  D:0002H         SYMBOL        counter
  D:0004H         SYMBOL        counter1
  -------         ENDDO         
  C:2EC7H         LINE#         10
  C:2EC7H         LINE#         12
  C:2ED1H         LINE#         13
  C:2ED4H         LINE#         14
  C:2EDFH         LINE#         15
  C:2EE6H         LINE#         16
  -------         ENDPROC       _FN8051SYSDELAYUS
  -------         ENDMOD        DEFDELAY16MHZ

  -------         MODULE        DEFLCD0802
  C:0000H         SYMBOL        _ICE_DUMMY_
  D:0080H         PUBLIC        P0
  D:0090H         PUBLIC        P1
  D:00A0H         PUBLIC        P2
  D:00B0H         PUBLIC        P3
  D:00D8H         PUBLIC        PWMCON0
  C:2D7CH         PUBLIC        _LCD_DISPLAY_STRING
  D:00A8H         PUBLIC        IE
  B:0090H.0       PUBLIC        EN
  C:2EE7H         PUBLIC        LCD_NEXT_SCREEN
  D:00B8H         PUBLIC        IP
  B:0080H.0       PUBLIC        RS
  D:0098H         PUBLIC        SCON
  D:0088H         PUBLIC        TCON
BL51 BANKED LINKER/LOCATER V6.22.2.0                                                  05/16/2020  17:58:24  PAGE 44


  C:2633H         PUBLIC        _LCD_SCROLL_1LINE
  C:2CF9H         PUBLIC        _LCD_SEND_COMMAND
  D:00F8H         PUBLIC        SCON_1
  C:2D51H         PUBLIC        LCD_Init
  C:2D25H         PUBLIC        _LCD_DISPLAY_CHAR
  D:00E8H         PUBLIC        ADCCON0
  D:00C0H         PUBLIC        I2CON
  C:2F20H         PUBLIC        LCD_SET_CURSOR
  D:00C8H         PUBLIC        T2CON
  C:2DCFH         PUBLIC        LCD_NEW_SLIDE
  C:2FCFH         PUBLIC        _LCD_DISPLAY_NUMBER
  D:00D0H         PUBLIC        PSW
  -------         PROC          _LCD_SEND_COMMAND
  D:0007H         SYMBOL        x
  -------         DO            
  D:0006H         SYMBOL        nibh
  D:0007H         SYMBOL        nibl
  D:0005H         SYMBOL        port_tg
  -------         ENDDO         
  C:2CF9H         LINE#         9
  C:2CF9H         LINE#         10
  C:2CF9H         LINE#         12
  C:2D02H         LINE#         13
  C:2D08H         LINE#         14
  C:2D0AH         LINE#         15
  C:2D0FH         LINE#         16
  C:2D12H         LINE#         17
  C:2D14H         LINE#         18
  C:2D16H         LINE#         19
  C:2D1AH         LINE#         20
  C:2D1CH         LINE#         21
  C:2D1EH         LINE#         22
  -------         ENDPROC       _LCD_SEND_COMMAND
  -------         PROC          _LCD_DISPLAY_CHAR
  D:0007H         SYMBOL        x
  -------         DO            
  D:0006H         SYMBOL        nibh
  D:0007H         SYMBOL        nibl
  D:0005H         SYMBOL        port_tg
  -------         ENDDO         
  C:2D25H         LINE#         25
  C:2D25H         LINE#         26
  C:2D25H         LINE#         28
  C:2D2EH         LINE#         29
  C:2D34H         LINE#         30
  C:2D36H         LINE#         31
  C:2D3BH         LINE#         32
  C:2D3EH         LINE#         33
  C:2D40H         LINE#         34
  C:2D42H         LINE#         35
  C:2D46H         LINE#         36
  C:2D48H         LINE#         37
  C:2D4AH         LINE#         38
  -------         ENDPROC       _LCD_DISPLAY_CHAR
  -------         PROC          LCD_INIT
  C:2D51H         LINE#         41
  C:2D51H         LINE#         42
BL51 BANKED LINKER/LOCATER V6.22.2.0                                                  05/16/2020  17:58:24  PAGE 45


  C:2D51H         LINE#         43
  C:2D53H         LINE#         44
  C:2D56H         LINE#         45
  C:2D59H         LINE#         46
  C:2D5BH         LINE#         47
  C:2D5DH         LINE#         48
  C:2D63H         LINE#         49
  C:2D68H         LINE#         50
  C:2D6DH         LINE#         51
  C:2D72H         LINE#         52
  C:2D77H         LINE#         53
  -------         ENDPROC       LCD_INIT
  -------         PROC          LCD_SET_CURSOR
  B:0020H.7       SYMBOL        row
  D:0035H         SYMBOL        pos
  C:2F20H         LINE#         55
  C:2F20H         LINE#         56
  C:2F2BH         LINE#         57
  C:2F38H         LINE#         58
  -------         ENDPROC       LCD_SET_CURSOR
  -------         PROC          _LCD_DISPLAY_NUMBER
  D:0007H         SYMBOL        char_data
  C:2FCFH         LINE#         59
  C:2FCFH         LINE#         60
  -------         ENDPROC       _LCD_DISPLAY_NUMBER
  -------         PROC          _LCD_DISPLAY_STRING
  D:0035H         SYMBOL        str
  -------         DO            
  D:0038H         SYMBOL        i
  -------         ENDDO         
  C:2D7CH         LINE#         62
  C:2D82H         LINE#         64
  C:2D99H         LINE#         65
  C:2D9CH         LINE#         66
  C:2DA6H         LINE#         67
  -------         ENDPROC       _LCD_DISPLAY_STRING
  -------         PROC          LCD_NEW_SLIDE
  B:0020H.6       SYMBOL        mode
  -------         DO            
  D:002EH         SYMBOL        i
  -------         ENDDO         
  C:2DCFH         LINE#         68
  C:2DCFH         LINE#         70
  C:2DDDH         LINE#         71
  C:2DE4H         LINE#         72
  C:2DE9H         LINE#         73
  C:2DF0H         LINE#         74
  C:2DF4H         LINE#         75
  -------         ENDPROC       LCD_NEW_SLIDE
  -------         PROC          _LCD_SCROLL_1LINE
  D:002BH         SYMBOL        STRING
  D:002EH         SYMBOL        LENGTH
  -------         DO            
  D:002FH         SYMBOL        COUNTER
  D:0030H         SYMBOL        OLDLEN
  D:0031H         SYMBOL        i
  B:0021H.1       SYMBOL        mode
BL51 BANKED LINKER/LOCATER V6.22.2.0                                                  05/16/2020  17:58:24  PAGE 46


  -------         ENDDO         
  C:2633H         LINE#         76
  C:263BH         LINE#         80
  C:265AH         LINE#         81
  C:265DH         LINE#         82
  C:265FH         LINE#         83
  C:2661H         LINE#         84
  C:266DH         LINE#         85
  C:2672H         LINE#         86
  C:2672H         LINE#         87
  C:268AH         LINE#         88
  C:269DH         LINE#         89
  C:26A1H         LINE#         90
  C:26A8H         LINE#         91
  C:26ADH         LINE#         92
  C:26B0H         LINE#         93
  -------         ENDPROC       _LCD_SCROLL_1LINE
  -------         PROC          LCD_NEXT_SCREEN
  B:0020H.7       SYMBOL        mode
  -------         DO            
  D:0033H         SYMBOL        i
  -------         ENDDO         
  C:2EE7H         LINE#         94
  C:2EE7H         LINE#         96
  C:2EF5H         LINE#         97
  C:2EFCH         LINE#         98
  C:2F01H         LINE#         99
  C:2F05H         LINE#         100
  -------         ENDPROC       LCD_NEXT_SCREEN
  -------         ENDMOD        DEFLCD0802

  -------         MODULE        ?C?FPADD
  C:002DH         PUBLIC        ?C?FPADD
  C:0029H         PUBLIC        ?C?FPSUB
  -------         ENDMOD        ?C?FPADD

  -------         MODULE        ?C?FPMUL
  C:011EH         PUBLIC        ?C?FPMUL
  -------         ENDMOD        ?C?FPMUL

  -------         MODULE        ?C?FPDIV
  C:0227H         PUBLIC        ?C?FPDIV
  -------         ENDMOD        ?C?FPDIV

  -------         MODULE        ?C?FCAST
  C:02CEH         PUBLIC        ?C?FCASTC
  C:02C9H         PUBLIC        ?C?FCASTI
  C:02C4H         PUBLIC        ?C?FCASTL
  -------         ENDMOD        ?C?FCAST

  -------         MODULE        ?C?CASTF
  C:0302H         PUBLIC        ?C?CASTF
  -------         ENDMOD        ?C?CASTF

  -------         MODULE        ?C?CLDPTR
  C:0383H         PUBLIC        ?C?CLDPTR
  -------         ENDMOD        ?C?CLDPTR
BL51 BANKED LINKER/LOCATER V6.22.2.0                                                  05/16/2020  17:58:24  PAGE 47



  -------         MODULE        ?C?CLDOPTR
  C:039CH         PUBLIC        ?C?CLDOPTR
  -------         ENDMOD        ?C?CLDOPTR

  -------         MODULE        ?C?IMUL
  C:03C9H         PUBLIC        ?C?IMUL
  -------         ENDMOD        ?C?IMUL

  -------         MODULE        ?C?UIDIV
  C:03DBH         PUBLIC        ?C?UIDIV
  -------         ENDMOD        ?C?UIDIV

  -------         MODULE        ?C?LMUL
  C:0430H         PUBLIC        ?C?LMUL
  -------         ENDMOD        ?C?LMUL

  -------         MODULE        ?C?ULDIV
  C:04BBH         PUBLIC        ?C?ULDIV
  -------         ENDMOD        ?C?ULDIV

  -------         MODULE        ?C?LNEG
  C:054DH         PUBLIC        ?C?LNEG
  -------         ENDMOD        ?C?LNEG

  -------         MODULE        ?C?ULCMP
  C:055BH         PUBLIC        ?C?ULCMP
  -------         ENDMOD        ?C?ULCMP

  -------         MODULE        ?C?ULSHR
  C:056CH         PUBLIC        ?C?ULSHR
  -------         ENDMOD        ?C?ULSHR

  -------         MODULE        STRCAT
  D:0031H         PUBLIC        ?_strcat?BYTE
  C:29E7H         PUBLIC        _strcat
  -------         ENDMOD        STRCAT

  -------         MODULE        ?C?STRCMP
  C:06FDH         PUBLIC        ?C?STRCMP
  -------         ENDMOD        ?C?STRCMP

  -------         MODULE        STRLEN
  C:2F7DH         PUBLIC        _STRLEN
  -------         ENDMOD        STRLEN

  -------         MODULE        STRSTR
  D:0029H         PUBLIC        ?_strstr?BYTE
  C:2531H         PUBLIC        _strstr
  -------         ENDMOD        STRSTR

  -------         MODULE        STRTOK
  D:0032H         PUBLIC        ?_strtok?BYTE
  C:25B3H         PUBLIC        _strtok
  -------         ENDMOD        STRTOK

  -------         MODULE        MALLOC
BL51 BANKED LINKER/LOCATER V6.22.2.0                                                  05/16/2020  17:58:24  PAGE 48


  C:2495H         PUBLIC        _malloc
  -------         ENDMOD        MALLOC

  -------         MODULE        FREE
  C:1EAEH         PUBLIC        _free
  -------         ENDMOD        FREE

  -------         MODULE        ?C?CSTPTR
  C:071AH         PUBLIC        ?C?CSTPTR
  -------         ENDMOD        ?C?CSTPTR

  -------         MODULE        ?C?IILDX
  C:072CH         PUBLIC        ?C?IILDX
  -------         ENDMOD        ?C?IILDX

  -------         MODULE        STRSPN
  D:0038H         PUBLIC        ?_strspn?BYTE
  C:28CEH         PUBLIC        _strspn
  -------         ENDMOD        STRSPN

  -------         MODULE        STRPBRK
  D:0038H         PUBLIC        ?_strpbrk?BYTE
  C:292FH         PUBLIC        _strpbrk
  -------         ENDMOD        STRPBRK

  -------         MODULE        INIT_MEM
  X:0000H         PUBLIC        __mem_avail__
  C:2B9CH         PUBLIC        _init_mempool
  -------         ENDMOD        INIT_MEM

*** WARNING L15: MULTIPLE CALL TO SEGMENT
    SEGMENT: ?PR?_FN8051_BUZZER_?MAIN
    CALLER1: ?PR?FN8051ITRVECTOR4?MAIN
    CALLER2: ?C_C51STARTUP

Program Size: data=106.2 xdata=8 code=12442
LINK/LOCATE RUN COMPLETE.  1 WARNING(S),  0 ERROR(S)
